Archive member included because of file (symbol)

c:/users/james/.eclipse/org.eclipse.platform_4.4.1_248562372_win32_win32_x86_64/plugins/fr.ac6.mcu.externaltools.arm-none.win32_1.3.0.201507241045/tools/compiler/bin/../lib/gcc/arm-none-eabi/4.9.3/../../../../arm-none-eabi/lib/armv7e-m\libc.a(lib_a-errno.o)
                              src/syscalls.o (__errno)
c:/users/james/.eclipse/org.eclipse.platform_4.4.1_248562372_win32_win32_x86_64/plugins/fr.ac6.mcu.externaltools.arm-none.win32_1.3.0.201507241045/tools/compiler/bin/../lib/gcc/arm-none-eabi/4.9.3/../../../../arm-none-eabi/lib/armv7e-m\libc.a(lib_a-exit.o)
                              c:/users/james/.eclipse/org.eclipse.platform_4.4.1_248562372_win32_win32_x86_64/plugins/fr.ac6.mcu.externaltools.arm-none.win32_1.3.0.201507241045/tools/compiler/bin/../lib/gcc/arm-none-eabi/4.9.3/../../../../arm-none-eabi/lib/armv7e-m/crt0.o (exit)
c:/users/james/.eclipse/org.eclipse.platform_4.4.1_248562372_win32_win32_x86_64/plugins/fr.ac6.mcu.externaltools.arm-none.win32_1.3.0.201507241045/tools/compiler/bin/../lib/gcc/arm-none-eabi/4.9.3/../../../../arm-none-eabi/lib/armv7e-m\libc.a(lib_a-impure.o)
                              c:/users/james/.eclipse/org.eclipse.platform_4.4.1_248562372_win32_win32_x86_64/plugins/fr.ac6.mcu.externaltools.arm-none.win32_1.3.0.201507241045/tools/compiler/bin/../lib/gcc/arm-none-eabi/4.9.3/../../../../arm-none-eabi/lib/armv7e-m\libc.a(lib_a-exit.o) (_global_impure_ptr)
c:/users/james/.eclipse/org.eclipse.platform_4.4.1_248562372_win32_win32_x86_64/plugins/fr.ac6.mcu.externaltools.arm-none.win32_1.3.0.201507241045/tools/compiler/bin/../lib/gcc/arm-none-eabi/4.9.3/../../../../arm-none-eabi/lib/armv7e-m\libc.a(lib_a-init.o)
                              c:/users/james/.eclipse/org.eclipse.platform_4.4.1_248562372_win32_win32_x86_64/plugins/fr.ac6.mcu.externaltools.arm-none.win32_1.3.0.201507241045/tools/compiler/bin/../lib/gcc/arm-none-eabi/4.9.3/../../../../arm-none-eabi/lib/armv7e-m/crt0.o (__libc_init_array)
c:/users/james/.eclipse/org.eclipse.platform_4.4.1_248562372_win32_win32_x86_64/plugins/fr.ac6.mcu.externaltools.arm-none.win32_1.3.0.201507241045/tools/compiler/bin/../lib/gcc/arm-none-eabi/4.9.3/../../../../arm-none-eabi/lib/armv7e-m\libc.a(lib_a-memset.o)
                              c:/users/james/.eclipse/org.eclipse.platform_4.4.1_248562372_win32_win32_x86_64/plugins/fr.ac6.mcu.externaltools.arm-none.win32_1.3.0.201507241045/tools/compiler/bin/../lib/gcc/arm-none-eabi/4.9.3/../../../../arm-none-eabi/lib/armv7e-m/crt0.o (memset)
c:/users/james/.eclipse/org.eclipse.platform_4.4.1_248562372_win32_win32_x86_64/plugins/fr.ac6.mcu.externaltools.arm-none.win32_1.3.0.201507241045/tools/compiler/bin/../lib/gcc/arm-none-eabi/4.9.3/../../../../arm-none-eabi/lib/armv7e-m\libc.a(lib_a-printf.o)
                              src/main.o (printf)
c:/users/james/.eclipse/org.eclipse.platform_4.4.1_248562372_win32_win32_x86_64/plugins/fr.ac6.mcu.externaltools.arm-none.win32_1.3.0.201507241045/tools/compiler/bin/../lib/gcc/arm-none-eabi/4.9.3/../../../../arm-none-eabi/lib/armv7e-m\libc.a(lib_a-vfprintf.o)
                              c:/users/james/.eclipse/org.eclipse.platform_4.4.1_248562372_win32_win32_x86_64/plugins/fr.ac6.mcu.externaltools.arm-none.win32_1.3.0.201507241045/tools/compiler/bin/../lib/gcc/arm-none-eabi/4.9.3/../../../../arm-none-eabi/lib/armv7e-m\libc.a(lib_a-printf.o) (_vfprintf_r)
c:/users/james/.eclipse/org.eclipse.platform_4.4.1_248562372_win32_win32_x86_64/plugins/fr.ac6.mcu.externaltools.arm-none.win32_1.3.0.201507241045/tools/compiler/bin/../lib/gcc/arm-none-eabi/4.9.3/../../../../arm-none-eabi/lib/armv7e-m\libc.a(lib_a-wsetup.o)
                              c:/users/james/.eclipse/org.eclipse.platform_4.4.1_248562372_win32_win32_x86_64/plugins/fr.ac6.mcu.externaltools.arm-none.win32_1.3.0.201507241045/tools/compiler/bin/../lib/gcc/arm-none-eabi/4.9.3/../../../../arm-none-eabi/lib/armv7e-m\libc.a(lib_a-vfprintf.o) (__swsetup_r)
c:/users/james/.eclipse/org.eclipse.platform_4.4.1_248562372_win32_win32_x86_64/plugins/fr.ac6.mcu.externaltools.arm-none.win32_1.3.0.201507241045/tools/compiler/bin/../lib/gcc/arm-none-eabi/4.9.3/../../../../arm-none-eabi/lib/armv7e-m\libc.a(lib_a-__call_atexit.o)
                              c:/users/james/.eclipse/org.eclipse.platform_4.4.1_248562372_win32_win32_x86_64/plugins/fr.ac6.mcu.externaltools.arm-none.win32_1.3.0.201507241045/tools/compiler/bin/../lib/gcc/arm-none-eabi/4.9.3/../../../../arm-none-eabi/lib/armv7e-m\libc.a(lib_a-exit.o) (__call_exitprocs)
c:/users/james/.eclipse/org.eclipse.platform_4.4.1_248562372_win32_win32_x86_64/plugins/fr.ac6.mcu.externaltools.arm-none.win32_1.3.0.201507241045/tools/compiler/bin/../lib/gcc/arm-none-eabi/4.9.3/../../../../arm-none-eabi/lib/armv7e-m\libc.a(lib_a-atexit.o)
[...]
Memory Configuration

Name             Origin             Length             Attributes
FLASH            0x08000000         0x00040000         xr
RAM              0x20000000         0x0000a000         xrw
CCMRAM           0x10000000         0x00002000         rw
*default*        0x00000000         0xffffffff

Linker script and memory map

LOAD c:/users/james/.eclipse/org.eclipse.platform_4.4.1_248562372_win32_win32_x86_64/plugins/fr.ac6.mcu.externaltools.arm-none.win32_1.3.0.201507241045/tools/compiler/bin/../lib/gcc/arm-none-eabi/4.9.3/armv7e-m/crti.o
LOAD c:/users/james/.eclipse/org.eclipse.platform_4.4.1_248562372_win32_win32_x86_64/plugins/fr.ac6.mcu.externaltools.arm-none.win32_1.3.0.201507241045/tools/compiler/bin/../lib/gcc/arm-none-eabi/4.9.3/armv7e-m/crtbegin.o
LOAD c:/users/james/.eclipse/org.eclipse.platform_4.4.1_248562372_win32_win32_x86_64/plugins/fr.ac6.mcu.externaltools.arm-none.win32_1.3.0.201507241045/tools/compiler/bin/../lib/gcc/arm-none-eabi/4.9.3/../../../../arm-none-eabi/lib/armv7e-m/crt0.o
LOAD startup/startup_stm32f30x.o
LOAD src/main.o
LOAD src/stm32f30x_it.o
LOAD src/syscalls.o
LOAD src/system_stm32f30x.o
LOAD C:\Users\James\workspace\stm32f3discovery_stdperiph_lib\Debug\libstm32f3discovery_stdperiph_lib.a
LOAD c:/users/james/.eclipse/org.eclipse.platform_4.4.1_248562372_win32_win32_x86_64/plugins/fr.ac6.mcu.externaltools.arm-none.win32_1.3.0.201507241045/tools/compiler/bin/../lib/gcc/arm-none-eabi/4.9.3/../../../../arm-none-eabi/lib/armv7e-m\libstdc++.a
LOAD c:/users/james/.eclipse/org.eclipse.platform_4.4.1_248562372_win32_win32_x86_64/plugins/fr.ac6.mcu.externaltools.arm-none.win32_1.3.0.201507241045/tools/compiler/bin/../lib/gcc/arm-none-eabi/4.9.3/../../../../arm-none-eabi/lib/armv7e-m\libm.a
START GROUP
LOAD c:/users/james/.eclipse/org.eclipse.platform_4.4.1_248562372_win32_win32_x86_64/plugins/fr.ac6.mcu.externaltools.arm-none.win32_1.3.0.201507241045/tools/compiler/bin/../lib/gcc/arm-none-eabi/4.9.3/armv7e-m\libgcc.a
LOAD c:/users/james/.eclipse/org.eclipse.platform_4.4.1_248562372_win32_win32_x86_64/plugins/fr.ac6.mcu.externaltools.arm-none.win32_1.3.0.201507241045/tools/compiler/bin/../lib/gcc/arm-none-eabi/4.9.3/../../../../arm-none-eabi/lib/armv7e-m\libc.a
END GROUP
LOAD c:/users/james/.eclipse/org.eclipse.platform_4.4.1_248562372_win32_win32_x86_64/plugins/fr.ac6.mcu.externaltools.arm-none.win32_1.3.0.201507241045/tools/compiler/bin/../lib/gcc/arm-none-eabi/4.9.3/armv7e-m/crtend.o
LOAD c:/users/james/.eclipse/org.eclipse.platform_4.4.1_248562372_win32_win32_x86_64/plugins/fr.ac6.mcu.externaltools.arm-none.win32_1.3.0.201507241045/tools/compiler/bin/../lib/gcc/arm-none-eabi/4.9.3/armv7e-m/crtn.o
                0x2000a000                _estack = 0x2000a000
                0x00000200                _Min_Heap_Size = 0x200
                0x00000400                _Min_Stack_Size = 0x400

.isr_vector     0x08000000      0x188
                0x08000000                . = ALIGN (0x4)
 *(.isr_vector)
 .isr_vector    0x08000000      0x188 startup/startup_stm32f30x.o
                0x08000000                g_pfnVectors
                0x08000188                . = ALIGN (0x4)

.text           0x08000188     0x5d0c
                0x08000188                . = ALIGN (0x4)
 *(.text)
 .text          0x08000188       0x5c c:/users/james/.eclipse/org.eclipse.platform_4.4.1_248562372_win32_win32_x86_64/plugins/fr.ac6.mcu.externaltools.arm-none.win32_1.3.0.201507241045/tools/compiler/bin/../lib/gcc/arm-none-eabi/4.9.3/armv7e-m/crtbegin.o
 .text          0x080001e4      0x134 c:/users/james/.eclipse/org.eclipse.platform_4.4.1_248562372_win32_win32_x86_64/plugins/fr.ac6.mcu.externaltools.arm-none.win32_1.3.0.201507241045/tools/compiler/bin/../lib/gcc/arm-none-eabi/4.9.3/../../../../arm-none-eabi/lib/armv7e-m\libc.a(lib_a-memcpy.o)
                0x080001e4                memcpy
 .text          0x08000318      0x370 c:/users/james/.eclipse/org.eclipse.platform_4.4.1_248562372_win32_win32_x86_64/plugins/fr.ac6.mcu.externaltools.arm-none.win32_1.3.0.201507241045/tools/compiler/bin/../lib/gcc/arm-none-eabi/4.9.3/armv7e-m\libgcc.a(_arm_addsubdf3.o)
                0x08000318                __aeabi_drsub
                0x08000320                __aeabi_dsub
                0x08000320                __subdf3
                0x08000324                __aeabi_dadd
                0x08000324                __adddf3
                0x0800059c                __floatunsidf
                0x0800059c                __aeabi_ui2d
                0x080005bc                __floatsidf
                0x080005bc                __aeabi_i2d
                0x080005e0                __aeabi_f2d
                0x080005e0                __extendsfdf2
                0x0800061c                __floatundidf
                0x0800061c                __aeabi_ul2d
                0x0800062c                __floatdidf
                0x0800062c                __aeabi_l2d
 .text          0x08000688      0x424 c:/users/james/.eclipse/org.eclipse.platform_4.4.1_248562372_win32_win32_x86_64/plugins/fr.ac6.mcu.externaltools.arm-none.win32_1.3.0.201507241045/tools/compiler/bin/../lib/gcc/arm-none-eabi/4.9.3/armv7e-m\libgcc.a(_arm_muldivdf3.o)
                0x08000688                __aeabi_dmul
                0x08000688                __muldf3
                0x080008dc                __divdf3
                0x080008dc                __aeabi_ddiv
 .text          0x08000aac      0x110 c:/users/james/.eclipse/org.eclipse.platform_4.4.1_248562372_win32_win32_x86_64/plugins/fr.ac6.mcu.externaltools.arm-none.win32_1.3.0.201507241045/tools/compiler/bin/../lib/gcc/arm-none-eabi/4.9.3/armv7e-m\libgcc.a(_arm_cmpdf2.o)
                0x08000aac                __gtdf2
                0x08000aac                __gedf2
                0x08000ab4                __ltdf2
                0x08000ab4                __ledf2
                0x08000abc                __nedf2
                0x08000abc                __eqdf2
                0x08000abc                __cmpdf2
                0x08000b38                __aeabi_cdrcmple
                0x08000b48                __aeabi_cdcmpeq
                0x08000b48                __aeabi_cdcmple
                0x08000b58                __aeabi_dcmpeq
                0x08000b6c                __aeabi_dcmplt
                0x08000b80                __aeabi_dcmple
                0x08000b94                __aeabi_dcmpge
                0x08000ba8                __aeabi_dcmpgt
 .text          0x08000bbc       0x50 c:/users/james/.eclipse/org.eclipse.platform_4.4.1_248562372_win32_win32_x86_64/plugins/fr.ac6.mcu.externaltools.arm-none.win32_1.3.0.201507241045/tools/compiler/bin/../lib/gcc/arm-none-eabi/4.9.3/armv7e-m\libgcc.a(_arm_fixdfsi.o)
                0x08000bbc                __aeabi_d2iz
                0x08000bbc                __fixdfsi
 .text          0x08000c0c       0x30 c:/users/james/.eclipse/org.eclipse.platform_4.4.1_248562372_win32_win32_x86_64/plugins/fr.ac6.mcu.externaltools.arm-none.win32_1.3.0.201507241045/tools/compiler/bin/../lib/gcc/arm-none-eabi/4.9.3/armv7e-m\libgcc.a(_aeabi_uldivmod.o)
                0x08000c0c                __aeabi_uldivmod
 .text          0x08000c3c       0x60 c:/users/james/.eclipse/org.eclipse.platform_4.4.1_248562372_win32_win32_x86_64/plugins/fr.ac6.mcu.externaltools.arm-none.win32_1.3.0.201507241045/tools/compiler/bin/../lib/gcc/arm-none-eabi/4.9.3/armv7e-m\libgcc.a(bpabi.o)
                0x08000c3c                __gnu_ldivmod_helper
                0x08000c6c                __gnu_uldivmod_helper
 .text          0x08000c9c        0x4 c:/users/james/.eclipse/org.eclipse.platform_4.4.1_248562372_win32_win32_x86_64/plugins/fr.ac6.mcu.externaltools.arm-none.win32_1.3.0.201507241045/tools/compiler/bin/../lib/gcc/arm-none-eabi/4.9.3/armv7e-m\libgcc.a(_dvmd_tls.o)
                0x08000c9c                __aeabi_idiv0
                0x08000c9c                __aeabi_ldiv0
 .text          0x08000ca0      0x29c c:/users/james/.eclipse/org.eclipse.platform_4.4.1_248562372_win32_win32_x86_64/plugins/fr.ac6.mcu.externaltools.arm-none.win32_1.3.0.201507241045/tools/compiler/bin/../lib/gcc/arm-none-eabi/4.9.3/armv7e-m\libgcc.a(_divdi3.o)
                0x08000ca0                __divdi3
 .text          0x08000f3c      0x26c c:/users/james/.eclipse/org.eclipse.platform_4.4.1_248562372_win32_win32_x86_64/plugins/fr.ac6.mcu.externaltools.arm-none.win32_1.3.0.201507241045/tools/compiler/bin/../lib/gcc/arm-none-eabi/4.9.3/armv7e-m\libgcc.a(_udivdi3.o)
                0x08000f3c                __udivdi3
 *(.text*)
 .text.Reset_Handler
                0x080011a8       0x48 startup/startup_stm32f30x.o
                0x080011a8                Reset_Handler
 .text.Default_Handler
                0x080011f0        0x2 startup/startup_stm32f30x.o
                0x080011f0                RTC_Alarm_IRQHandler
                0x080011f0                TIM8_TRG_COM_IRQHandler
                0x080011f0                TIM8_CC_IRQHandler
                0x080011f0                TIM1_CC_IRQHandler
                0x080011f0                USB_HP_IRQHandler
                0x080011f0                PVD_IRQHandler
                0x080011f0                EXTI3_IRQHandler
                0x080011f0                EXTI0_IRQHandler
                0x080011f0                I2C2_EV_IRQHandler
                0x080011f0                FPU_IRQHandler
                0x080011f0                EXTI2_TS_IRQHandler
                0x080011f0                TIM1_UP_TIM16_IRQHandler
                0x080011f0                ADC1_2_IRQHandler
                0x080011f0                SPI1_IRQHandler
                0x080011f0                TIM6_DAC_IRQHandler
                0x080011f0                TIM8_UP_IRQHandler
                0x080011f0                DMA2_Channel2_IRQHandler
                0x080011f0                DMA1_Channel4_IRQHandler
                0x080011f0                USART3_IRQHandler
                0x080011f0                DMA1_Channel7_IRQHandler
                0x080011f0                CAN1_RX1_IRQHandler
                0x080011f0                UART5_IRQHandler
                0x080011f0                ADC3_IRQHandler
                0x080011f0                TIM4_IRQHandler
                0x080011f0                DMA2_Channel1_IRQHandler
                0x080011f0                I2C1_EV_IRQHandler
                0x080011f0                DMA1_Channel6_IRQHandler
                0x080011f0                UART4_IRQHandler
                0x080011f0                DMA2_Channel4_IRQHandler
                0x080011f0                TIM3_IRQHandler
                0x080011f0                RCC_IRQHandler
                0x080011f0                DMA1_Channel1_IRQHandler
                0x080011f0                Default_Handler
                0x080011f0                USBWakeUp_RMP_IRQHandler
                0x080011f0                EXTI15_10_IRQHandler
                0x080011f0                TIM7_IRQHandler
                0x080011f0                EXTI9_5_IRQHandler
                0x080011f0                TAMPER_STAMP_IRQHandler
                0x080011f0                RTC_WKUP_IRQHandler
                0x080011f0                SPI2_IRQHandler
                0x080011f0                DMA2_Channel5_IRQHandler
                0x080011f0                DMA1_Channel5_IRQHandler
                0x080011f0                USB_LP_IRQHandler
                0x080011f0                EXTI4_IRQHandler
                0x080011f0                USB_LP_CAN1_RX0_IRQHandler
                0x080011f0                TIM1_TRG_COM_TIM17_IRQHandler
                0x080011f0                USB_HP_CAN1_TX_IRQHandler
                0x080011f0                DMA1_Channel3_IRQHandler
                0x080011f0                ADC4_IRQHandler
                0x080011f0                WWDG_IRQHandler
                0x080011f0                TIM2_IRQHandler
                0x080011f0                COMP7_IRQHandler
                0x080011f0                COMP1_2_3_IRQHandler
                0x080011f0                EXTI1_IRQHandler
                0x080011f0                USART2_IRQHandler
                0x080011f0                COMP4_5_6_IRQHandler
                0x080011f0                I2C2_ER_IRQHandler
                0x080011f0                DMA1_Channel2_IRQHandler
                0x080011f0                TIM8_BRK_IRQHandler
                0x080011f0                CAN1_SCE_IRQHandler
                0x080011f0                FLASH_IRQHandler
                0x080011f0                USART1_IRQHandler
                0x080011f0                SPI3_IRQHandler
                0x080011f0                I2C1_ER_IRQHandler
                0x080011f0                USBWakeUp_IRQHandler
                0x080011f0                DMA2_Channel3_IRQHandler
                0x080011f0                TIM1_BRK_TIM15_IRQHandler
 *fill*         0x080011f2        0x2 
 .text.main     0x080011f4      0x318 src/main.o
                0x080011f4                main
 .text.TimingDelay_Decrement
                0x0800150c       0x24 src/main.o
                0x0800150c                TimingDelay_Decrement
 .text.sigConverter
                0x08001530       0x18 src/main.o
                0x08001530                sigConverter
 .text.NMI_Handler
                0x08001548        0xc src/stm32f30x_it.o
                0x08001548                NMI_Handler
 .text.HardFault_Handler
                0x08001554        0x8 src/stm32f30x_it.o
                0x08001554                HardFault_Handler
 .text.MemManage_Handler
                0x0800155c        0x8 src/stm32f30x_it.o
                0x0800155c                MemManage_Handler
 .text.BusFault_Handler
                0x08001564        0x8 src/stm32f30x_it.o
                0x08001564                BusFault_Handler
 .text.UsageFault_Handler
                0x0800156c        0x8 src/stm32f30x_it.o
                0x0800156c                UsageFault_Handler
 .text.SVC_Handler
                0x08001574        0xc src/stm32f30x_it.o
                0x08001574                SVC_Handler
 .text.DebugMon_Handler
                0x08001580        0xc src/stm32f30x_it.o
                0x08001580                DebugMon_Handler
 .text.PendSV_Handler
                0x0800158c        0xc src/stm32f30x_it.o
                0x0800158c                PendSV_Handler
 .text.SysTick_Handler
                0x08001598        0xc src/stm32f30x_it.o
                0x08001598                SysTick_Handler
 .text._read    0x080015a4       0x3c src/syscalls.o
                0x080015a4                _read
 .text._write   0x080015e0       0x38 src/syscalls.o
                0x080015e0                _write
 .text._sbrk    0x08001618       0x58 src/syscalls.o
                0x08001618                _sbrk
 .text._close   0x08001670       0x18 src/syscalls.o
                0x08001670                _close
 .text._fstat   0x08001688       0x20 src/syscalls.o
                0x08001688                _fstat
 .text._isatty  0x080016a8       0x18 src/syscalls.o
                0x080016a8                _isatty
 .text._lseek   0x080016c0       0x1c src/syscalls.o
                0x080016c0                _lseek
 .text.SystemInit
                0x080016dc       0x80 src/system_stm32f30x.o
                0x080016dc                SystemInit
 .text.SetSysClock
                0x0800175c       0xe0 src/system_stm32f30x.o
 .text.__errno  0x0800183c        0xc c:/users/james/.eclipse/org.eclipse.platform_4.4.1_248562372_win32_win32_x86_64/plugins/fr.ac6.mcu.externaltools.arm-none.win32_1.3.0.201507241045/tools/compiler/bin/../lib/gcc/arm-none-eabi/4.9.3/../../../../arm-none-eabi/lib/armv7e-m\libc.a(lib_a-errno.o)
                0x0800183c                __errno
 .text.__libc_init_array
                0x08001848       0x50 c:/users/james/.eclipse/org.eclipse.platform_4.4.1_248562372_win32_win32_x86_64/plugins/fr.ac6.mcu.externaltools.arm-none.win32_1.3.0.201507241045/tools/compiler/bin/../lib/gcc/arm-none-eabi/4.9.3/../../../../arm-none-eabi/lib/armv7e-m\libc.a(lib_a-init.o)
                0x08001848                __libc_init_array
 .text.memset   0x08001898       0x9c c:/users/james/.eclipse/org.eclipse.platform_4.4.1_248562372_win32_win32_x86_64/plugins/fr.ac6.mcu.externaltools.arm-none.win32_1.3.0.201507241045/tools/compiler/bin/../lib/gcc/arm-none-eabi/4.9.3/../../../../arm-none-eabi/lib/armv7e-m\libc.a(lib_a-memset.o)
                0x08001898                memset
 .text.printf   0x08001934       0x28 c:/users/james/.eclipse/org.eclipse.platform_4.4.1_248562372_win32_win32_x86_64/plugins/fr.ac6.mcu.externaltools.arm-none.win32_1.3.0.201507241045/tools/compiler/bin/../lib/gcc/arm-none-eabi/4.9.3/../../../../arm-none-eabi/lib/armv7e-m\libc.a(lib_a-printf.o)
                0x08001934                printf
 .text._vfprintf_r
                0x0800195c     0x13e8 c:/users/james/.eclipse/org.eclipse.platform_4.4.1_248562372_win32_win32_x86_64/plugins/fr.ac6.mcu.externaltools.arm-none.win32_1.3.0.201507241045/tools/compiler/bin/../lib/gcc/arm-none-eabi/4.9.3/../../../../arm-none-eabi/lib/armv7e-m\libc.a(lib_a-vfprintf.o)
                0x0800195c                _vfprintf_r
 .text.__sbprintf
                0x08002d44       0x78 c:/users/james/.eclipse/org.eclipse.platform_4.4.1_248562372_win32_win32_x86_64/plugins/fr.ac6.mcu.externaltools.arm-none.win32_1.3.0.201507241045/tools/compiler/bin/../lib/gcc/arm-none-eabi/4.9.3/../../../../arm-none-eabi/lib/armv7e-m\libc.a(lib_a-vfprintf.o)
 .text.__swsetup_r
                0x08002dbc       0xc4 c:/users/james/.eclipse/org.eclipse.platform_4.4.1_248562372_win32_win32_x86_64/plugins/fr.ac6.mcu.externaltools.arm-none.win32_1.3.0.201507241045/tools/compiler/bin/../lib/gcc/arm-none-eabi/4.9.3/../../../../arm-none-eabi/lib/armv7e-m\libc.a(lib_a-wsetup.o)
                0x08002dbc                __swsetup_r
 .text.startup.register_fini
                0x08002e80       0x14 c:/users/james/.eclipse/org.eclipse.platform_4.4.1_248562372_win32_win32_x86_64/plugins/fr.ac6.mcu.externaltools.arm-none.win32_1.3.0.201507241045/tools/compiler/bin/../lib/gcc/arm-none-eabi/4.9.3/../../../../arm-none-eabi/lib/armv7e-m\libc.a(lib_a-__call_atexit.o)
 .text.atexit   0x08002e94        0xc c:/users/james/.eclipse/org.eclipse.platform_4.4.1_248562372_win32_win32_x86_64/plugins/fr.ac6.mcu.externaltools.arm-none.win32_1.3.0.201507241045/tools/compiler/bin/../lib/gcc/arm-none-eabi/4.9.3/../../../../arm-none-eabi/lib/armv7e-m\libc.a(lib_a-atexit.o)
                0x08002e94                atexit
 .text.quorem   0x08002ea0      0x12c c:/users/james/.eclipse/org.eclipse.platform_4.4.1_248562372_win32_win32_x86_64/plugins/fr.ac6.mcu.externaltools.arm-none.win32_1.3.0.201507241045/tools/compiler/bin/../lib/gcc/arm-none-eabi/4.9.3/../../../../arm-none-eabi/lib/armv7e-m\libc.a(lib_a-dtoa.o)
 *fill*         0x08002fcc        0x4 
 .text._dtoa_r  0x08002fd0      0xe98 c:/users/james/.eclipse/org.eclipse.platform_4.4.1_248562372_win32_win32_x86_64/plugins/fr.ac6.mcu.externaltools.arm-none.win32_1.3.0.201507241045/tools/compiler/bin/../lib/gcc/arm-none-eabi/4.9.3/../../../../arm-none-eabi/lib/armv7e-m\libc.a(lib_a-dtoa.o)
                0x08002fd0                _dtoa_r
 .text.__sflush_r
                0x08003e68      0x154 c:/users/james/.eclipse/org.eclipse.platform_4.4.1_248562372_win32_win32_x86_64/plugins/fr.ac6.mcu.externaltools.arm-none.win32_1.3.0.201507241045/tools/compiler/bin/../lib/gcc/arm-none-eabi/4.9.3/../../../../arm-none-eabi/lib/armv7e-m\libc.a(lib_a-fflush.o)
                0x08003e68                __sflush_r
 .text._fflush_r
                0x08003fbc       0x2c c:/users/james/.eclipse/org.eclipse.platform_4.4.1_248562372_win32_win32_x86_64/plugins/fr.ac6.mcu.externaltools.arm-none.win32_1.3.0.201507241045/tools/compiler/bin/../lib/gcc/arm-none-eabi/4.9.3/../../../../arm-none-eabi/lib/armv7e-m\libc.a(lib_a-fflush.o)
                0x08003fbc                _fflush_r
 .text._cleanup_r
                0x08003fe8        0xc c:/users/james/.eclipse/org.eclipse.platform_4.4.1_248562372_win32_win32_x86_64/plugins/fr.ac6.mcu.externaltools.arm-none.win32_1.3.0.201507241045/tools/compiler/bin/../lib/gcc/arm-none-eabi/4.9.3/../../../../arm-none-eabi/lib/armv7e-m\libc.a(lib_a-findfp.o)
                0x08003fe8                _cleanup_r
 .text.__sinit.part.1
                0x08003ff4       0xf0 c:/users/james/.eclipse/org.eclipse.platform_4.4.1_248562372_win32_win32_x86_64/plugins/fr.ac6.mcu.externaltools.arm-none.win32_1.3.0.201507241045/tools/compiler/bin/../lib/gcc/arm-none-eabi/4.9.3/../../../../arm-none-eabi/lib/armv7e-m\libc.a(lib_a-findfp.o)
 .text.__sinit  0x080040e4        0xc c:/users/james/.eclipse/org.eclipse.platform_4.4.1_248562372_win32_win32_x86_64/plugins/fr.ac6.mcu.externaltools.arm-none.win32_1.3.0.201507241045/tools/compiler/bin/../lib/gcc/arm-none-eabi/4.9.3/../../../../arm-none-eabi/lib/armv7e-m\libc.a(lib_a-findfp.o)
                0x080040e4                __sinit
 .text.__sfp_lock_acquire
                0x080040f0        0x4 c:/users/james/.eclipse/org.eclipse.platform_4.4.1_248562372_win32_win32_x86_64/plugins/fr.ac6.mcu.externaltools.arm-none.win32_1.3.0.201507241045/tools/compiler/bin/../lib/gcc/arm-none-eabi/4.9.3/../../../../arm-none-eabi/lib/armv7e-m\libc.a(lib_a-findfp.o)
                0x080040f0                __sfp_lock_acquire
 .text.__sfp_lock_release
                0x080040f4        0x4 c:/users/james/.eclipse/org.eclipse.platform_4.4.1_248562372_win32_win32_x86_64/plugins/fr.ac6.mcu.externaltools.arm-none.win32_1.3.0.201507241045/tools/compiler/bin/../lib/gcc/arm-none-eabi/4.9.3/../../../../arm-none-eabi/lib/armv7e-m\libc.a(lib_a-findfp.o)
                0x080040f4                __sfp_lock_release
 .text.__libc_fini_array
                0x080040f8       0x2c c:/users/james/.eclipse/org.eclipse.platform_4.4.1_248562372_win32_win32_x86_64/plugins/fr.ac6.mcu.externaltools.arm-none.win32_1.3.0.201507241045/tools/compiler/bin/../lib/gcc/arm-none-eabi/4.9.3/../../../../arm-none-eabi/lib/armv7e-m\libc.a(lib_a-fini.o)
                0x080040f8                __libc_fini_array
 .text._malloc_trim_r
                0x08004124       0x9c c:/users/james/.eclipse/org.eclipse.platform_4.4.1_248562372_win32_win32_x86_64/plugins/fr.ac6.mcu.externaltools.arm-none.win32_1.3.0.201507241045/tools/compiler/bin/../lib/gcc/arm-none-eabi/4.9.3/../../../../arm-none-eabi/lib/armv7e-m\libc.a(lib_a-freer.o)
                0x08004124                _malloc_trim_r
 .text._free_r  0x080041c0      0x1b0 c:/users/james/.eclipse/org.eclipse.platform_4.4.1_248562372_win32_win32_x86_64/plugins/fr.ac6.mcu.externaltools.arm-none.win32_1.3.0.201507241045/tools/compiler/bin/../lib/gcc/arm-none-eabi/4.9.3/../../../../arm-none-eabi/lib/armv7e-m\libc.a(lib_a-freer.o)
                0x080041c0                _free_r
 .text._fwalk_reent
                0x08004370       0x54 c:/users/james/.eclipse/org.eclipse.platform_4.4.1_248562372_win32_win32_x86_64/plugins/fr.ac6.mcu.externaltools.arm-none.win32_1.3.0.201507241045/tools/compiler/bin/../lib/gcc/arm-none-eabi/4.9.3/../../../../arm-none-eabi/lib/armv7e-m\libc.a(lib_a-fwalk.o)
                0x08004370                _fwalk_reent
 .text.__locale_charset
                0x080043c4        0x8 c:/users/james/.eclipse/org.eclipse.platform_4.4.1_248562372_win32_win32_x86_64/plugins/fr.ac6.mcu.externaltools.arm-none.win32_1.3.0.201507241045/tools/compiler/bin/../lib/gcc/arm-none-eabi/4.9.3/../../../../arm-none-eabi/lib/armv7e-m\libc.a(lib_a-locale.o)
                0x080043c4                __locale_charset
 .text.__locale_mb_cur_max
                0x080043cc        0xc c:/users/james/.eclipse/org.eclipse.platform_4.4.1_248562372_win32_win32_x86_64/plugins/fr.ac6.mcu.externaltools.arm-none.win32_1.3.0.201507241045/tools/compiler/bin/../lib/gcc/arm-none-eabi/4.9.3/../../../../arm-none-eabi/lib/armv7e-m\libc.a(lib_a-locale.o)
                0x080043cc                __locale_mb_cur_max
 .text._localeconv_r
                0x080043d8        0x8 c:/users/james/.eclipse/org.eclipse.platform_4.4.1_248562372_win32_win32_x86_64/plugins/fr.ac6.mcu.externaltools.arm-none.win32_1.3.0.201507241045/tools/compiler/bin/../lib/gcc/arm-none-eabi/4.9.3/../../../../arm-none-eabi/lib/armv7e-m\libc.a(lib_a-locale.o)
                0x080043d8                _localeconv_r
 .text.__smakebuf_r
                0x080043e0       0xe0 c:/users/james/.eclipse/org.eclipse.platform_4.4.1_248562372_win32_win32_x86_64/plugins/fr.ac6.mcu.externaltools.arm-none.win32_1.3.0.201507241045/tools/compiler/bin/../lib/gcc/arm-none-eabi/4.9.3/../../../../arm-none-eabi/lib/armv7e-m\libc.a(lib_a-makebuf.o)
                0x080043e0                __smakebuf_r
 .text._malloc_r
                0x080044c0      0x524 c:/users/james/.eclipse/org.eclipse.platform_4.4.1_248562372_win32_win32_x86_64/plugins/fr.ac6.mcu.externaltools.arm-none.win32_1.3.0.201507241045/tools/compiler/bin/../lib/gcc/arm-none-eabi/4.9.3/../../../../arm-none-eabi/lib/armv7e-m\libc.a(lib_a-mallocr.o)
                0x080044c0                _malloc_r
 .text.memchr   0x080049e4       0x94 c:/users/james/.eclipse/org.eclipse.platform_4.4.1_248562372_win32_win32_x86_64/plugins/fr.ac6.mcu.externaltools.arm-none.win32_1.3.0.201507241045/tools/compiler/bin/../lib/gcc/arm-none-eabi/4.9.3/../../../../arm-none-eabi/lib/armv7e-m\libc.a(lib_a-memchr.o)
                0x080049e4                memchr
 .text.__malloc_lock
                0x08004a78        0x4 c:/users/james/.eclipse/org.eclipse.platform_4.4.1_248562372_win32_win32_x86_64/plugins/fr.ac6.mcu.externaltools.arm-none.win32_1.3.0.201507241045/tools/compiler/bin/../lib/gcc/arm-none-eabi/4.9.3/../../../../arm-none-eabi/lib/armv7e-m\libc.a(lib_a-mlock.o)
                0x08004a78                __malloc_lock
 .text.__malloc_unlock
                0x08004a7c        0x4 c:/users/james/.eclipse/org.eclipse.platform_4.4.1_248562372_win32_win32_x86_64/plugins/fr.ac6.mcu.externaltools.arm-none.win32_1.3.0.201507241045/tools/compiler/bin/../lib/gcc/arm-none-eabi/4.9.3/../../../../arm-none-eabi/lib/armv7e-m\libc.a(lib_a-mlock.o)
                0x08004a7c                __malloc_unlock
 .text._Balloc  0x08004a80       0x4c c:/users/james/.eclipse/org.eclipse.platform_4.4.1_248562372_win32_win32_x86_64/plugins/fr.ac6.mcu.externaltools.arm-none.win32_1.3.0.201507241045/tools/compiler/bin/../lib/gcc/arm-none-eabi/4.9.3/../../../../arm-none-eabi/lib/armv7e-m\libc.a(lib_a-mprec.o)
                0x08004a80                _Balloc
 .text._Bfree   0x08004acc       0x14 c:/users/james/.eclipse/org.eclipse.platform_4.4.1_248562372_win32_win32_x86_64/plugins/fr.ac6.mcu.externaltools.arm-none.win32_1.3.0.201507241045/tools/compiler/bin/../lib/gcc/arm-none-eabi/4.9.3/../../../../arm-none-eabi/lib/armv7e-m\libc.a(lib_a-mprec.o)
                0x08004acc                _Bfree
 .text.__multadd
                0x08004ae0       0x84 c:/users/james/.eclipse/org.eclipse.platform_4.4.1_248562372_win32_win32_x86_64/plugins/fr.ac6.mcu.externaltools.arm-none.win32_1.3.0.201507241045/tools/compiler/bin/../lib/gcc/arm-none-eabi/4.9.3/../../../../arm-none-eabi/lib/armv7e-m\libc.a(lib_a-mprec.o)
                0x08004ae0                __multadd
 .text.__hi0bits
                0x08004b64       0x40 c:/users/james/.eclipse/org.eclipse.platform_4.4.1_248562372_win32_win32_x86_64/plugins/fr.ac6.mcu.externaltools.arm-none.win32_1.3.0.201507241045/tools/compiler/bin/../lib/gcc/arm-none-eabi/4.9.3/../../../../arm-none-eabi/lib/armv7e-m\libc.a(lib_a-mprec.o)
                0x08004b64                __hi0bits
 .text.__lo0bits
                0x08004ba4       0x5c c:/users/james/.eclipse/org.eclipse.platform_4.4.1_248562372_win32_win32_x86_64/plugins/fr.ac6.mcu.externaltools.arm-none.win32_1.3.0.201507241045/tools/compiler/bin/../lib/gcc/arm-none-eabi/4.9.3/../../../../arm-none-eabi/lib/armv7e-m\libc.a(lib_a-mprec.o)
                0x08004ba4                __lo0bits
 .text.__i2b    0x08004c00       0x14 c:/users/james/.eclipse/org.eclipse.platform_4.4.1_248562372_win32_win32_x86_64/plugins/fr.ac6.mcu.externaltools.arm-none.win32_1.3.0.201507241045/tools/compiler/bin/../lib/gcc/arm-none-eabi/4.9.3/../../../../arm-none-eabi/lib/armv7e-m\libc.a(lib_a-mprec.o)
                0x08004c00                __i2b
 .text.__multiply
                0x08004c14      0x134 c:/users/james/.eclipse/org.eclipse.platform_4.4.1_248562372_win32_win32_x86_64/plugins/fr.ac6.mcu.externaltools.arm-none.win32_1.3.0.201507241045/tools/compiler/bin/../lib/gcc/arm-none-eabi/4.9.3/../../../../arm-none-eabi/lib/armv7e-m\libc.a(lib_a-mprec.o)
                0x08004c14                __multiply
 .text.__pow5mult
                0x08004d48       0xa0 c:/users/james/.eclipse/org.eclipse.platform_4.4.1_248562372_win32_win32_x86_64/plugins/fr.ac6.mcu.externaltools.arm-none.win32_1.3.0.201507241045/tools/compiler/bin/../lib/gcc/arm-none-eabi/4.9.3/../../../../arm-none-eabi/lib/armv7e-m\libc.a(lib_a-mprec.o)
                0x08004d48                __pow5mult
 .text.__lshift
                0x08004de8       0xac c:/users/james/.eclipse/org.eclipse.platform_4.4.1_248562372_win32_win32_x86_64/plugins/fr.ac6.mcu.externaltools.arm-none.win32_1.3.0.201507241045/tools/compiler/bin/../lib/gcc/arm-none-eabi/4.9.3/../../../../arm-none-eabi/lib/armv7e-m\libc.a(lib_a-mprec.o)
                0x08004de8                __lshift
 .text.__mcmp   0x08004e94       0x48 c:/users/james/.eclipse/org.eclipse.platform_4.4.1_248562372_win32_win32_x86_64/plugins/fr.ac6.mcu.externaltools.arm-none.win32_1.3.0.201507241045/tools/compiler/bin/../lib/gcc/arm-none-eabi/4.9.3/../../../../arm-none-eabi/lib/armv7e-m\libc.a(lib_a-mprec.o)
                0x08004e94                __mcmp
 .text.__mdiff  0x08004edc       0xd4 c:/users/james/.eclipse/org.eclipse.platform_4.4.1_248562372_win32_win32_x86_64/plugins/fr.ac6.mcu.externaltools.arm-none.win32_1.3.0.201507241045/tools/compiler/bin/../lib/gcc/arm-none-eabi/4.9.3/../../../../arm-none-eabi/lib/armv7e-m\libc.a(lib_a-mprec.o)
                0x08004edc                __mdiff
 .text.__d2b    0x08004fb0       0xb8 c:/users/james/.eclipse/org.eclipse.platform_4.4.1_248562372_win32_win32_x86_64/plugins/fr.ac6.mcu.externaltools.arm-none.win32_1.3.0.201507241045/tools/compiler/bin/../lib/gcc/arm-none-eabi/4.9.3/../../../../arm-none-eabi/lib/armv7e-m\libc.a(lib_a-mprec.o)
                0x08004fb0                __d2b
 .text.__fpclassifyd
                0x08005068       0x58 c:/users/james/.eclipse/org.eclipse.platform_4.4.1_248562372_win32_win32_x86_64/plugins/fr.ac6.mcu.externaltools.arm-none.win32_1.3.0.201507241045/tools/compiler/bin/../lib/gcc/arm-none-eabi/4.9.3/../../../../arm-none-eabi/lib/armv7e-m\libc.a(lib_a-s_fpclassify.o)
                0x08005068                __fpclassifyd
 .text._sbrk_r  0x080050c0       0x24 c:/users/james/.eclipse/org.eclipse.platform_4.4.1_248562372_win32_win32_x86_64/plugins/fr.ac6.mcu.externaltools.arm-none.win32_1.3.0.201507241045/tools/compiler/bin/../lib/gcc/arm-none-eabi/4.9.3/../../../../arm-none-eabi/lib/armv7e-m\libc.a(lib_a-sbrkr.o)
                0x080050c0                _sbrk_r
 .text.__sread  0x080050e4       0x24 c:/users/james/.eclipse/org.eclipse.platform_4.4.1_248562372_win32_win32_x86_64/plugins/fr.ac6.mcu.externaltools.arm-none.win32_1.3.0.201507241045/tools/compiler/bin/../lib/gcc/arm-none-eabi/4.9.3/../../../../arm-none-eabi/lib/armv7e-m\libc.a(lib_a-stdio.o)
                0x080050e4                __sread
 .text.__swrite
                0x08005108       0x38 c:/users/james/.eclipse/org.eclipse.platform_4.4.1_248562372_win32_win32_x86_64/plugins/fr.ac6.mcu.externaltools.arm-none.win32_1.3.0.201507241045/tools/compiler/bin/../lib/gcc/arm-none-eabi/4.9.3/../../../../arm-none-eabi/lib/armv7e-m\libc.a(lib_a-stdio.o)
                0x08005108                __swrite
 .text.__sseek  0x08005140       0x20 c:/users/james/.eclipse/org.eclipse.platform_4.4.1_248562372_win32_win32_x86_64/plugins/fr.ac6.mcu.externaltools.arm-none.win32_1.3.0.201507241045/tools/compiler/bin/../lib/gcc/arm-none-eabi/4.9.3/../../../../arm-none-eabi/lib/armv7e-m\libc.a(lib_a-stdio.o)
                0x08005140                __sseek
 .text.__sclose
                0x08005160        0x8 c:/users/james/.eclipse/org.eclipse.platform_4.4.1_248562372_win32_win32_x86_64/plugins/fr.ac6.mcu.externaltools.arm-none.win32_1.3.0.201507241045/tools/compiler/bin/../lib/gcc/arm-none-eabi/4.9.3/../../../../arm-none-eabi/lib/armv7e-m\libc.a(lib_a-stdio.o)
                0x08005160                __sclose
 .text.strlen   0x08005168       0x5c c:/users/james/.eclipse/org.eclipse.platform_4.4.1_248562372_win32_win32_x86_64/plugins/fr.ac6.mcu.externaltools.arm-none.win32_1.3.0.201507241045/tools/compiler/bin/../lib/gcc/arm-none-eabi/4.9.3/../../../../arm-none-eabi/lib/armv7e-m\libc.a(lib_a-strlen.o)
                0x08005168                strlen
 .text.__sprint_r.part.0
                0x080051c4       0x78 c:/users/james/.eclipse/org.eclipse.platform_4.4.1_248562372_win32_win32_x86_64/plugins/fr.ac6.mcu.externaltools.arm-none.win32_1.3.0.201507241045/tools/compiler/bin/../lib/gcc/arm-none-eabi/4.9.3/../../../../arm-none-eabi/lib/armv7e-m\libc.a(lib_a-vfiprintf.o)
 .text.__sprint_r
                0x0800523c       0x18 c:/users/james/.eclipse/org.eclipse.platform_4.4.1_248562372_win32_win32_x86_64/plugins/fr.ac6.mcu.externaltools.arm-none.win32_1.3.0.201507241045/tools/compiler/bin/../lib/gcc/arm-none-eabi/4.9.3/../../../../arm-none-eabi/lib/armv7e-m\libc.a(lib_a-vfiprintf.o)
                0x0800523c                __sprint_r
 .text._write_r
                0x08005254       0x28 c:/users/james/.eclipse/org.eclipse.platform_4.4.1_248562372_win32_win32_x86_64/plugins/fr.ac6.mcu.externaltools.arm-none.win32_1.3.0.201507241045/tools/compiler/bin/../lib/gcc/arm-none-eabi/4.9.3/../../../../arm-none-eabi/lib/armv7e-m\libc.a(lib_a-writer.o)
                0x08005254                _write_r
 .text.__register_exitproc
                0x0800527c       0xa4 c:/users/james/.eclipse/org.eclipse.platform_4.4.1_248562372_win32_win32_x86_64/plugins/fr.ac6.mcu.externaltools.arm-none.win32_1.3.0.201507241045/tools/compiler/bin/../lib/gcc/arm-none-eabi/4.9.3/../../../../arm-none-eabi/lib/armv7e-m\libc.a(lib_a-__atexit.o)
                0x0800527c                __register_exitproc
 .text._calloc_r
                0x08005320       0x60 c:/users/james/.eclipse/org.eclipse.platform_4.4.1_248562372_win32_win32_x86_64/plugins/fr.ac6.mcu.externaltools.arm-none.win32_1.3.0.201507241045/tools/compiler/bin/../lib/gcc/arm-none-eabi/4.9.3/../../../../arm-none-eabi/lib/armv7e-m\libc.a(lib_a-callocr.o)
                0x08005320                _calloc_r
 .text._close_r
                0x08005380       0x24 c:/users/james/.eclipse/org.eclipse.platform_4.4.1_248562372_win32_win32_x86_64/plugins/fr.ac6.mcu.externaltools.arm-none.win32_1.3.0.201507241045/tools/compiler/bin/../lib/gcc/arm-none-eabi/4.9.3/../../../../arm-none-eabi/lib/armv7e-m\libc.a(lib_a-closer.o)
                0x08005380                _close_r
 .text._fclose_r
                0x080053a4       0x84 c:/users/james/.eclipse/org.eclipse.platform_4.4.1_248562372_win32_win32_x86_64/plugins/fr.ac6.mcu.externaltools.arm-none.win32_1.3.0.201507241045/tools/compiler/bin/../lib/gcc/arm-none-eabi/4.9.3/../../../../arm-none-eabi/lib/armv7e-m\libc.a(lib_a-fclose.o)
                0x080053a4                _fclose_r
 .text.__fputwc
                0x08005428       0xb0 c:/users/james/.eclipse/org.eclipse.platform_4.4.1_248562372_win32_win32_x86_64/plugins/fr.ac6.mcu.externaltools.arm-none.win32_1.3.0.201507241045/tools/compiler/bin/../lib/gcc/arm-none-eabi/4.9.3/../../../../arm-none-eabi/lib/armv7e-m\libc.a(lib_a-fputwc.o)
                0x08005428                __fputwc
 .text._fputwc_r
                0x080054d8       0x24 c:/users/james/.eclipse/org.eclipse.platform_4.4.1_248562372_win32_win32_x86_64/plugins/fr.ac6.mcu.externaltools.arm-none.win32_1.3.0.201507241045/tools/compiler/bin/../lib/gcc/arm-none-eabi/4.9.3/../../../../arm-none-eabi/lib/armv7e-m\libc.a(lib_a-fputwc.o)
                0x080054d8                _fputwc_r
 .text._fstat_r
                0x080054fc       0x28 c:/users/james/.eclipse/org.eclipse.platform_4.4.1_248562372_win32_win32_x86_64/plugins/fr.ac6.mcu.externaltools.arm-none.win32_1.3.0.201507241045/tools/compiler/bin/../lib/gcc/arm-none-eabi/4.9.3/../../../../arm-none-eabi/lib/armv7e-m\libc.a(lib_a-fstatr.o)
                0x080054fc                _fstat_r
 .text.__sfvwrite_r
                0x08005524      0x318 c:/users/james/.eclipse/org.eclipse.platform_4.4.1_248562372_win32_win32_x86_64/plugins/fr.ac6.mcu.externaltools.arm-none.win32_1.3.0.201507241045/tools/compiler/bin/../lib/gcc/arm-none-eabi/4.9.3/../../../../arm-none-eabi/lib/armv7e-m\libc.a(lib_a-fvwrite.o)
                0x08005524                __sfvwrite_r
 .text._isatty_r
                0x0800583c       0x24 c:/users/james/.eclipse/org.eclipse.platform_4.4.1_248562372_win32_win32_x86_64/plugins/fr.ac6.mcu.externaltools.arm-none.win32_1.3.0.201507241045/tools/compiler/bin/../lib/gcc/arm-none-eabi/4.9.3/../../../../arm-none-eabi/lib/armv7e-m\libc.a(lib_a-isattyr.o)
                0x0800583c                _isatty_r
 .text._lseek_r
                0x08005860       0x28 c:/users/james/.eclipse/org.eclipse.platform_4.4.1_248562372_win32_win32_x86_64/plugins/fr.ac6.mcu.externaltools.arm-none.win32_1.3.0.201507241045/tools/compiler/bin/../lib/gcc/arm-none-eabi/4.9.3/../../../../arm-none-eabi/lib/armv7e-m\libc.a(lib_a-lseekr.o)
                0x08005860                _lseek_r
 .text.memmove  0x08005888       0xc8 c:/users/james/.eclipse/org.eclipse.platform_4.4.1_248562372_win32_win32_x86_64/plugins/fr.ac6.mcu.externaltools.arm-none.win32_1.3.0.201507241045/tools/compiler/bin/../lib/gcc/arm-none-eabi/4.9.3/../../../../arm-none-eabi/lib/armv7e-m\libc.a(lib_a-memmove.o)
                0x08005888                memmove
 .text._read_r  0x08005950       0x28 c:/users/james/.eclipse/org.eclipse.platform_4.4.1_248562372_win32_win32_x86_64/plugins/fr.ac6.mcu.externaltools.arm-none.win32_1.3.0.201507241045/tools/compiler/bin/../lib/gcc/arm-none-eabi/4.9.3/../../../../arm-none-eabi/lib/armv7e-m\libc.a(lib_a-readr.o)
                0x08005950                _read_r
 .text._realloc_r
                0x08005978      0x3ec c:/users/james/.eclipse/org.eclipse.platform_4.4.1_248562372_win32_win32_x86_64/plugins/fr.ac6.mcu.externaltools.arm-none.win32_1.3.0.201507241045/tools/compiler/bin/../lib/gcc/arm-none-eabi/4.9.3/../../../../arm-none-eabi/lib/armv7e-m\libc.a(lib_a-reallocr.o)
                0x08005978                _realloc_r
 .text.__swbuf_r
                0x08005d64       0xa8 c:/users/james/.eclipse/org.eclipse.platform_4.4.1_248562372_win32_win32_x86_64/plugins/fr.ac6.mcu.externaltools.arm-none.win32_1.3.0.201507241045/tools/compiler/bin/../lib/gcc/arm-none-eabi/4.9.3/../../../../arm-none-eabi/lib/armv7e-m\libc.a(lib_a-wbuf.o)
                0x08005d64                __swbuf_r
 .text._wcrtomb_r
                0x08005e0c       0x54 c:/users/james/.eclipse/org.eclipse.platform_4.4.1_248562372_win32_win32_x86_64/plugins/fr.ac6.mcu.externaltools.arm-none.win32_1.3.0.201507241045/tools/compiler/bin/../lib/gcc/arm-none-eabi/4.9.3/../../../../arm-none-eabi/lib/armv7e-m\libc.a(lib_a-wcrtomb.o)
                0x08005e0c                _wcrtomb_r
 .text.__ascii_wctomb
                0x08005e60       0x1c c:/users/james/.eclipse/org.eclipse.platform_4.4.1_248562372_win32_win32_x86_64/plugins/fr.ac6.mcu.externaltools.arm-none.win32_1.3.0.201507241045/tools/compiler/bin/../lib/gcc/arm-none-eabi/4.9.3/../../../../arm-none-eabi/lib/armv7e-m\libc.a(lib_a-wctomb_r.o)
                0x08005e60                __ascii_wctomb
 *(.glue_7)
 .glue_7        0x00000000        0x0 linker stubs
 *(.glue_7t)
 .glue_7t       0x00000000        0x0 linker stubs
 *(.eh_frame)
 .eh_frame      0x08005e7c        0x0 c:/users/james/.eclipse/org.eclipse.platform_4.4.1_248562372_win32_win32_x86_64/plugins/fr.ac6.mcu.externaltools.arm-none.win32_1.3.0.201507241045/tools/compiler/bin/../lib/gcc/arm-none-eabi/4.9.3/armv7e-m/crtbegin.o
 *(.init)
 .init          0x08005e7c        0x4 c:/users/james/.eclipse/org.eclipse.platform_4.4.1_248562372_win32_win32_x86_64/plugins/fr.ac6.mcu.externaltools.arm-none.win32_1.3.0.201507241045/tools/compiler/bin/../lib/gcc/arm-none-eabi/4.9.3/armv7e-m/crti.o
                0x08005e7c                _init
 .init          0x08005e80        0x8 c:/users/james/.eclipse/org.eclipse.platform_4.4.1_248562372_win32_win32_x86_64/plugins/fr.ac6.mcu.externaltools.arm-none.win32_1.3.0.201507241045/tools/compiler/bin/../lib/gcc/arm-none-eabi/4.9.3/armv7e-m/crtn.o
 *(.fini)
 .fini          0x08005e88        0x4 c:/users/james/.eclipse/org.eclipse.platform_4.4.1_248562372_win32_win32_x86_64/plugins/fr.ac6.mcu.externaltools.arm-none.win32_1.3.0.201507241045/tools/compiler/bin/../lib/gcc/arm-none-eabi/4.9.3/armv7e-m/crti.o
                0x08005e88                _fini
 .fini          0x08005e8c        0x8 c:/users/james/.eclipse/org.eclipse.platform_4.4.1_248562372_win32_win32_x86_64/plugins/fr.ac6.mcu.externaltools.arm-none.win32_1.3.0.201507241045/tools/compiler/bin/../lib/gcc/arm-none-eabi/4.9.3/armv7e-m/crtn.o
                0x08005e94                . = ALIGN (0x4)
                0x08005e94                _etext = .

.vfp11_veneer   0x08005e94        0x0
 .vfp11_veneer  0x00000000        0x0 linker stubs

.v4_bx          0x08005e94        0x0
 .v4_bx         0x00000000        0x0 linker stubs

.iplt           0x08005e94        0x0
 .iplt          0x00000000        0x0 c:/users/james/.eclipse/org.eclipse.platform_4.4.1_248562372_win32_win32_x86_64/plugins/fr.ac6.mcu.externaltools.arm-none.win32_1.3.0.201507241045/tools/compiler/bin/../lib/gcc/arm-none-eabi/4.9.3/armv7e-m/crtbegin.o

.rodata         0x08005e98      0x208
                0x08005e98                . = ALIGN (0x4)
 *(.rodata)
 .rodata        0x08005e98       0x84 src/main.o
 *(.rodata*)
 .rodata.str1.4
                0x08005f1c        0x2 c:/users/james/.eclipse/org.eclipse.platform_4.4.1_248562372_win32_win32_x86_64/plugins/fr.ac6.mcu.externaltools.arm-none.win32_1.3.0.201507241045/tools/compiler/bin/../lib/gcc/arm-none-eabi/4.9.3/../../../../arm-none-eabi/lib/armv7e-m\libc.a(lib_a-impure.o)
                                  0x4 (size before relaxing)
 *fill*         0x08005f1e        0x2 
 .rodata._global_impure_ptr
                0x08005f20        0x4 c:/users/james/.eclipse/org.eclipse.platform_4.4.1_248562372_win32_win32_x86_64/plugins/fr.ac6.mcu.externaltools.arm-none.win32_1.3.0.201507241045/tools/compiler/bin/../lib/gcc/arm-none-eabi/4.9.3/../../../../arm-none-eabi/lib/armv7e-m\libc.a(lib_a-impure.o)
                0x08005f20                _global_impure_ptr
 .rodata.zeroes.6931
                0x08005f24       0x10 c:/users/james/.eclipse/org.eclipse.platform_4.4.1_248562372_win32_win32_x86_64/plugins/fr.ac6.mcu.externaltools.arm-none.win32_1.3.0.201507241045/tools/compiler/bin/../lib/gcc/arm-none-eabi/4.9.3/../../../../arm-none-eabi/lib/armv7e-m\libc.a(lib_a-vfprintf.o)
 .rodata.str1.4
                0x08005f34       0x42 c:/users/james/.eclipse/org.eclipse.platform_4.4.1_248562372_win32_win32_x86_64/plugins/fr.ac6.mcu.externaltools.arm-none.win32_1.3.0.201507241045/tools/compiler/bin/../lib/gcc/arm-none-eabi/4.9.3/../../../../arm-none-eabi/lib/armv7e-m\libc.a(lib_a-vfprintf.o)
                                 0x44 (size before relaxing)
 *fill*         0x08005f76        0x2 
 .rodata.blanks.6930
                0x08005f78       0x10 c:/users/james/.eclipse/org.eclipse.platform_4.4.1_248562372_win32_win32_x86_64/plugins/fr.ac6.mcu.externaltools.arm-none.win32_1.3.0.201507241045/tools/compiler/bin/../lib/gcc/arm-none-eabi/4.9.3/../../../../arm-none-eabi/lib/armv7e-m\libc.a(lib_a-vfprintf.o)
 .rodata.str1.4
                0x08005f88       0x10 c:/users/james/.eclipse/org.eclipse.platform_4.4.1_248562372_win32_win32_x86_64/plugins/fr.ac6.mcu.externaltools.arm-none.win32_1.3.0.201507241045/tools/compiler/bin/../lib/gcc/arm-none-eabi/4.9.3/../../../../arm-none-eabi/lib/armv7e-m\libc.a(lib_a-dtoa.o)
                                 0x14 (size before relaxing)
 .rodata.str1.4
                0x08005f98        0xc c:/users/james/.eclipse/org.eclipse.platform_4.4.1_248562372_win32_win32_x86_64/plugins/fr.ac6.mcu.externaltools.arm-none.win32_1.3.0.201507241045/tools/compiler/bin/../lib/gcc/arm-none-eabi/4.9.3/../../../../arm-none-eabi/lib/armv7e-m\libc.a(lib_a-locale.o)
                                 0x14 (size before relaxing)
 .rodata.p05.5296
                0x08005fa4        0xc c:/users/james/.eclipse/org.eclipse.platform_4.4.1_248562372_win32_win32_x86_64/plugins/fr.ac6.mcu.externaltools.arm-none.win32_1.3.0.201507241045/tools/compiler/bin/../lib/gcc/arm-none-eabi/4.9.3/../../../../arm-none-eabi/lib/armv7e-m\libc.a(lib_a-mprec.o)
 .rodata.__mprec_tens
                0x08005fb0       0xc8 c:/users/james/.eclipse/org.eclipse.platform_4.4.1_248562372_win32_win32_x86_64/plugins/fr.ac6.mcu.externaltools.arm-none.win32_1.3.0.201507241045/tools/compiler/bin/../lib/gcc/arm-none-eabi/4.9.3/../../../../arm-none-eabi/lib/armv7e-m\libc.a(lib_a-mprec.o)
                0x08005fb0                __mprec_tens
 .rodata.__mprec_bigtens
                0x08006078       0x28 c:/users/james/.eclipse/org.eclipse.platform_4.4.1_248562372_win32_win32_x86_64/plugins/fr.ac6.mcu.externaltools.arm-none.win32_1.3.0.201507241045/tools/compiler/bin/../lib/gcc/arm-none-eabi/4.9.3/../../../../arm-none-eabi/lib/armv7e-m\libc.a(lib_a-mprec.o)
                0x08006078                __mprec_bigtens
                0x080060a0                . = ALIGN (0x4)

.ARM.extab
 *(.ARM.extab* .gnu.linkonce.armextab.*)

.ARM            0x080060a0        0x8
                0x080060a0                __exidx_start = .
 *(.ARM.exidx*)
 .ARM.exidx     0x080060a0        0x8 c:/users/james/.eclipse/org.eclipse.platform_4.4.1_248562372_win32_win32_x86_64/plugins/fr.ac6.mcu.externaltools.arm-none.win32_1.3.0.201507241045/tools/compiler/bin/../lib/gcc/arm-none-eabi/4.9.3/armv7e-m\libgcc.a(_divdi3.o)
 .ARM.exidx     0x080060a8        0x0 c:/users/james/.eclipse/org.eclipse.platform_4.4.1_248562372_win32_win32_x86_64/plugins/fr.ac6.mcu.externaltools.arm-none.win32_1.3.0.201507241045/tools/compiler/bin/../lib/gcc/arm-none-eabi/4.9.3/armv7e-m\libgcc.a(_udivdi3.o)
                                  0x8 (size before relaxing)
                0x080060a8                __exidx_end = .

.rel.dyn        0x080060a8        0x0
 .rel.iplt      0x00000000        0x0 c:/users/james/.eclipse/org.eclipse.platform_4.4.1_248562372_win32_win32_x86_64/plugins/fr.ac6.mcu.externaltools.arm-none.win32_1.3.0.201507241045/tools/compiler/bin/../lib/gcc/arm-none-eabi/4.9.3/armv7e-m/crtbegin.o

.preinit_array  0x080060a8        0x0
                0x080060a8                PROVIDE (__preinit_array_start, .)
 *(.preinit_array*)
                0x080060a8                PROVIDE (__preinit_array_end, .)

.init_array     0x080060a8        0x8
                0x080060a8                PROVIDE (__init_array_start, .)
 *(SORT(.init_array.*))
 .init_array.00000
                0x080060a8        0x4 c:/users/james/.eclipse/org.eclipse.platform_4.4.1_248562372_win32_win32_x86_64/plugins/fr.ac6.mcu.externaltools.arm-none.win32_1.3.0.201507241045/tools/compiler/bin/../lib/gcc/arm-none-eabi/4.9.3/../../../../arm-none-eabi/lib/armv7e-m\libc.a(lib_a-__call_atexit.o)
 *(.init_array*)
 .init_array    0x080060ac        0x4 c:/users/james/.eclipse/org.eclipse.platform_4.4.1_248562372_win32_win32_x86_64/plugins/fr.ac6.mcu.externaltools.arm-none.win32_1.3.0.201507241045/tools/compiler/bin/../lib/gcc/arm-none-eabi/4.9.3/armv7e-m/crtbegin.o
                0x080060b0                PROVIDE (__init_array_end, .)

.fini_array     0x080060b0        0x4
                0x080060b0                PROVIDE (__fini_array_start, .)
 *(SORT(.fini_array.*))
 *(.fini_array*)
 .fini_array    0x080060b0        0x4 c:/users/james/.eclipse/org.eclipse.platform_4.4.1_248562372_win32_win32_x86_64/plugins/fr.ac6.mcu.externaltools.arm-none.win32_1.3.0.201507241045/tools/compiler/bin/../lib/gcc/arm-none-eabi/4.9.3/armv7e-m/crtbegin.o
                0x080060b4                PROVIDE (__fini_array_end, .)
                0x080060b4                _sidata = LOADADDR (.data)

.data           0x20000000      0x89c load address 0x080060b4
                0x20000000                . = ALIGN (0x4)
                0x20000000                _sdata = .
 *(.data)
 *(.data*)
 .data.impure_data
                0x20000000      0x428 c:/users/james/.eclipse/org.eclipse.platform_4.4.1_248562372_win32_win32_x86_64/plugins/fr.ac6.mcu.externaltools.arm-none.win32_1.3.0.201507241045/tools/compiler/bin/../lib/gcc/arm-none-eabi/4.9.3/../../../../arm-none-eabi/lib/armv7e-m\libc.a(lib_a-impure.o)
 .data._impure_ptr
                0x20000428        0x4 c:/users/james/.eclipse/org.eclipse.platform_4.4.1_248562372_win32_win32_x86_64/plugins/fr.ac6.mcu.externaltools.arm-none.win32_1.3.0.201507241045/tools/compiler/bin/../lib/gcc/arm-none-eabi/4.9.3/../../../../arm-none-eabi/lib/armv7e-m\libc.a(lib_a-impure.o)
                0x20000428                _impure_ptr
 .data.lconv    0x2000042c       0x38 c:/users/james/.eclipse/org.eclipse.platform_4.4.1_248562372_win32_win32_x86_64/plugins/fr.ac6.mcu.externaltools.arm-none.win32_1.3.0.201507241045/tools/compiler/bin/../lib/gcc/arm-none-eabi/4.9.3/../../../../arm-none-eabi/lib/armv7e-m\libc.a(lib_a-locale.o)
 .data.lc_ctype_charset
                0x20000464       0x20 c:/users/james/.eclipse/org.eclipse.platform_4.4.1_248562372_win32_win32_x86_64/plugins/fr.ac6.mcu.externaltools.arm-none.win32_1.3.0.201507241045/tools/compiler/bin/../lib/gcc/arm-none-eabi/4.9.3/../../../../arm-none-eabi/lib/armv7e-m\libc.a(lib_a-locale.o)
 .data.__mb_cur_max
                0x20000484        0x4 c:/users/james/.eclipse/org.eclipse.platform_4.4.1_248562372_win32_win32_x86_64/plugins/fr.ac6.mcu.externaltools.arm-none.win32_1.3.0.201507241045/tools/compiler/bin/../lib/gcc/arm-none-eabi/4.9.3/../../../../arm-none-eabi/lib/armv7e-m\libc.a(lib_a-locale.o)
                0x20000484                __mb_cur_max
 .data.__malloc_av_
                0x20000488      0x408 c:/users/james/.eclipse/org.eclipse.platform_4.4.1_248562372_win32_win32_x86_64/plugins/fr.ac6.mcu.externaltools.arm-none.win32_1.3.0.201507241045/tools/compiler/bin/../lib/gcc/arm-none-eabi/4.9.3/../../../../arm-none-eabi/lib/armv7e-m\libc.a(lib_a-mallocr.o)
                0x20000488                __malloc_av_
 .data.__malloc_trim_threshold
                0x20000890        0x4 c:/users/james/.eclipse/org.eclipse.platform_4.4.1_248562372_win32_win32_x86_64/plugins/fr.ac6.mcu.externaltools.arm-none.win32_1.3.0.201507241045/tools/compiler/bin/../lib/gcc/arm-none-eabi/4.9.3/../../../../arm-none-eabi/lib/armv7e-m\libc.a(lib_a-mallocr.o)
                0x20000890                __malloc_trim_threshold
 .data.__malloc_sbrk_base
                0x20000894        0x4 c:/users/james/.eclipse/org.eclipse.platform_4.4.1_248562372_win32_win32_x86_64/plugins/fr.ac6.mcu.externaltools.arm-none.win32_1.3.0.201507241045/tools/compiler/bin/../lib/gcc/arm-none-eabi/4.9.3/../../../../arm-none-eabi/lib/armv7e-m\libc.a(lib_a-mallocr.o)
                0x20000894                __malloc_sbrk_base
 .data.__wctomb
                0x20000898        0x4 c:/users/james/.eclipse/org.eclipse.platform_4.4.1_248562372_win32_win32_x86_64/plugins/fr.ac6.mcu.externaltools.arm-none.win32_1.3.0.201507241045/tools/compiler/bin/../lib/gcc/arm-none-eabi/4.9.3/../../../../arm-none-eabi/lib/armv7e-m\libc.a(lib_a-wctomb_r.o)
                0x20000898                __wctomb
                0x2000089c                . = ALIGN (0x4)
                0x2000089c                _edata = .
                0x08006950                _siccmram = LOADADDR (.ccmram)

.jcr            0x2000089c        0x0 load address 0x08006950
 .jcr           0x2000089c        0x0 c:/users/james/.eclipse/org.eclipse.platform_4.4.1_248562372_win32_win32_x86_64/plugins/fr.ac6.mcu.externaltools.arm-none.win32_1.3.0.201507241045/tools/compiler/bin/../lib/gcc/arm-none-eabi/4.9.3/armv7e-m/crtbegin.o

.igot.plt       0x2000089c        0x0 load address 0x08006950
 .igot.plt      0x00000000        0x0 c:/users/james/.eclipse/org.eclipse.platform_4.4.1_248562372_win32_win32_x86_64/plugins/fr.ac6.mcu.externaltools.arm-none.win32_1.3.0.201507241045/tools/compiler/bin/../lib/gcc/arm-none-eabi/4.9.3/armv7e-m/crtbegin.o

.ccmram         0x10000000        0x0 load address 0x08006950
                0x10000000                . = ALIGN (0x4)
                0x10000000                _sccmram = .
 *(.ccmram)
 *(.ccmram*)
                0x10000000                . = ALIGN (0x4)
                0x10000000                _eccmram = .
                0x10000000                . = ALIGN (0x4)

.bss            0x2000089c       0x60
                0x2000089c                _sbss = .
                0x2000089c                __bss_start__ = _sbss
 *(.bss)
 .bss           0x2000089c       0x1c c:/users/james/.eclipse/org.eclipse.platform_4.4.1_248562372_win32_win32_x86_64/plugins/fr.ac6.mcu.externaltools.arm-none.win32_1.3.0.201507241045/tools/compiler/bin/../lib/gcc/arm-none-eabi/4.9.3/armv7e-m/crtbegin.o
 .bss           0x200008b8        0x4 src/main.o
 .bss           0x200008bc        0x8 src/syscalls.o
                0x200008bc                __env
 *(.bss*)
 .bss.__malloc_max_total_mem
                0x200008c4        0x4 c:/users/james/.eclipse/org.eclipse.platform_4.4.1_248562372_win32_win32_x86_64/plugins/fr.ac6.mcu.externaltools.arm-none.win32_1.3.0.201507241045/tools/compiler/bin/../lib/gcc/arm-none-eabi/4.9.3/../../../../arm-none-eabi/lib/armv7e-m\libc.a(lib_a-mallocr.o)
                0x200008c4                __malloc_max_total_mem
 .bss.__malloc_max_sbrked_mem
                0x200008c8        0x4 c:/users/james/.eclipse/org.eclipse.platform_4.4.1_248562372_win32_win32_x86_64/plugins/fr.ac6.mcu.externaltools.arm-none.win32_1.3.0.201507241045/tools/compiler/bin/../lib/gcc/arm-none-eabi/4.9.3/../../../../arm-none-eabi/lib/armv7e-m\libc.a(lib_a-mallocr.o)
                0x200008c8                __malloc_max_sbrked_mem
 .bss.__malloc_top_pad
                0x200008cc        0x4 c:/users/james/.eclipse/org.eclipse.platform_4.4.1_248562372_win32_win32_x86_64/plugins/fr.ac6.mcu.externaltools.arm-none.win32_1.3.0.201507241045/tools/compiler/bin/../lib/gcc/arm-none-eabi/4.9.3/../../../../arm-none-eabi/lib/armv7e-m\libc.a(lib_a-mallocr.o)
                0x200008cc                __malloc_top_pad
 .bss.__malloc_current_mallinfo
                0x200008d0       0x28 c:/users/james/.eclipse/org.eclipse.platform_4.4.1_248562372_win32_win32_x86_64/plugins/fr.ac6.mcu.externaltools.arm-none.win32_1.3.0.201507241045/tools/compiler/bin/../lib/gcc/arm-none-eabi/4.9.3/../../../../arm-none-eabi/lib/armv7e-m\libc.a(lib_a-mallocr.o)
                0x200008d0                __malloc_current_mallinfo
 *(COMMON)
 COMMON         0x200008f8        0x4 c:/users/james/.eclipse/org.eclipse.platform_4.4.1_248562372_win32_win32_x86_64/plugins/fr.ac6.mcu.externaltools.arm-none.win32_1.3.0.201507241045/tools/compiler/bin/../lib/gcc/arm-none-eabi/4.9.3/../../../../arm-none-eabi/lib/armv7e-m\libc.a(lib_a-reent.o)
                0x200008f8                errno
                0x200008fc                . = ALIGN (0x4)
                0x200008fc                _ebss = .
                0x200008fc                __bss_end__ = _ebss

._user_heap_stack
                0x200008fc      0x604
                0x20000900                . = ALIGN (0x8)
 *fill*         0x200008fc        0x4 
                0x20000900                PROVIDE (end, .)
                0x20000900                PROVIDE (_end, .)
                0x20000b00                . = (. + _Min_Heap_Size)
 *fill*         0x20000900      0x200 
                0x20000f00                . = (. + _Min_Stack_Size)
 *fill*         0x20000b00      0x400 
                0x20000f00                . = ALIGN (0x8)

/DISCARD/
 libc.a(*)
 libm.a(*)
 libgcc.a(*)

.ARM.attributes
                0x00000000       0x2a
 *(.ARM.attributes)
 .ARM.attributes
                0x00000000       0x1e c:/users/james/.eclipse/org.eclipse.platform_4.4.1_248562372_win32_win32_x86_64/plugins/fr.ac6.mcu.externaltools.arm-none.win32_1.3.0.201507241045/tools/compiler/bin/../lib/gcc/arm-none-eabi/4.9.3/armv7e-m/crti.o
 .ARM.attributes
                0x0000001e       0x2e c:/users/james/.eclipse/org.eclipse.platform_4.4.1_248562372_win32_win32_x86_64/plugins/fr.ac6.mcu.externaltools.arm-none.win32_1.3.0.201507241045/tools/compiler/bin/../lib/gcc/arm-none-eabi/4.9.3/armv7e-m/crtbegin.o
 .ARM.attributes
                0x0000004c       0x21 startup/startup_stm32f30x.o
 .ARM.attributes
                0x0000006d       0x33 src/main.o
 .ARM.attributes
                0x000000a0       0x33 src/stm32f30x_it.o
 .ARM.attributes
                0x000000d3       0x33 src/syscalls.o
 .ARM.attributes
                0x00000106       0x33 src/system_stm32f30x.o
 .ARM.attributes
                0x00000139       0x2e c:/users/james/.eclipse/org.eclipse.platform_4.4.1_248562372_win32_win32_x86_64/plugins/fr.ac6.mcu.externaltools.arm-none.win32_1.3.0.201507241045/tools/compiler/bin/../lib/gcc/arm-none-eabi/4.9.3/../../../../arm-none-eabi/lib/armv7e-m\libc.a(lib_a-errno.o)
 .ARM.attributes
                0x00000167       0x2e c:/users/james/.eclipse/org.eclipse.platform_4.4.1_248562372_win32_win32_x86_64/plugins/fr.ac6.mcu.externaltools.arm-none.win32_1.3.0.201507241045/tools/compiler/bin/../lib/gcc/arm-none-eabi/4.9.3/../../../../arm-none-eabi/lib/armv7e-m\libc.a(lib_a-impure.o)
 .ARM.attributes
                0x00000195       0x2e c:/users/james/.eclipse/org.eclipse.platform_4.4.1_248562372_win32_win32_x86_64/plugins/fr.ac6.mcu.externaltools.arm-none.win32_1.3.0.201507241045/tools/compiler/bin/../lib/gcc/arm-none-eabi/4.9.3/../../../../arm-none-eabi/lib/armv7e-m\libc.a(lib_a-init.o)
 .ARM.attributes
                0x000001c3       0x2e c:/users/james/.eclipse/org.eclipse.platform_4.4.1_248562372_win32_win32_x86_64/plugins/fr.ac6.mcu.externaltools.arm-none.win32_1.3.0.201507241045/tools/compiler/bin/../lib/gcc/arm-none-eabi/4.9.3/../../../../arm-none-eabi/lib/armv7e-m\libc.a(lib_a-memset.o)
 .ARM.attributes
                0x000001f1       0x2e c:/users/james/.eclipse/org.eclipse.platform_4.4.1_248562372_win32_win32_x86_64/plugins/fr.ac6.mcu.externaltools.arm-none.win32_1.3.0.201507241045/tools/compiler/bin/../lib/gcc/arm-none-eabi/4.9.3/../../../../arm-none-eabi/lib/armv7e-m\libc.a(lib_a-printf.o)
 .ARM.attributes
                0x0000021f       0x2e c:/users/james/.eclipse/org.eclipse.platform_4.4.1_248562372_win32_win32_x86_64/plugins/fr.ac6.mcu.externaltools.arm-none.win32_1.3.0.201507241045/tools/compiler/bin/../lib/gcc/arm-none-eabi/4.9.3/../../../../arm-none-eabi/lib/armv7e-m\libc.a(lib_a-vfprintf.o)
 .ARM.attributes
                0x0000024d       0x2e c:/users/james/.eclipse/org.eclipse.platform_4.4.1_248562372_win32_win32_x86_64/plugins/fr.ac6.mcu.externaltools.arm-none.win32_1.3.0.201507241045/tools/compiler/bin/../lib/gcc/arm-none-eabi/4.9.3/../../../../arm-none-eabi/lib/armv7e-m\libc.a(lib_a-wsetup.o)
 .ARM.attributes
                0x0000027b       0x2e c:/users/james/.eclipse/org.eclipse.platform_4.4.1_248562372_win32_win32_x86_64/plugins/fr.ac6.mcu.externaltools.arm-none.win32_1.3.0.201507241045/tools/compiler/bin/../lib/gcc/arm-none-eabi/4.9.3/../../../../arm-none-eabi/lib/armv7e-m\libc.a(lib_a-__call_atexit.o)
 .ARM.attributes
                0x000002a9       0x2e c:/users/james/.eclipse/org.eclipse.platform_4.4.1_248562372_win32_win32_x86_64/plugins/fr.ac6.mcu.externaltools.arm-none.win32_1.3.0.201507241045/tools/compiler/bin/../lib/gcc/arm-none-eabi/4.9.3/../../../../arm-none-eabi/lib/armv7e-m\libc.a(lib_a-atexit.o)
 .ARM.attributes
                0x000002d7       0x2e c:/users/james/.eclipse/org.eclipse.platform_4.4.1_248562372_win32_win32_x86_64/plugins/fr.ac6.mcu.externaltools.arm-none.win32_1.3.0.201507241045/tools/compiler/bin/../lib/gcc/arm-none-eabi/4.9.3/../../../../arm-none-eabi/lib/armv7e-m\libc.a(lib_a-dtoa.o)
 .ARM.attributes
                0x00000305       0x2e c:/users/james/.eclipse/org.eclipse.platform_4.4.1_248562372_win32_win32_x86_64/plugins/fr.ac6.mcu.externaltools.arm-none.win32_1.3.0.201507241045/tools/compiler/bin/../lib/gcc/arm-none-eabi/4.9.3/../../../../arm-none-eabi/lib/armv7e-m\libc.a(lib_a-fflush.o)
 .ARM.attributes
                0x00000333       0x2e c:/users/james/.eclipse/org.eclipse.platform_4.4.1_248562372_win32_win32_x86_64/plugins/fr.ac6.mcu.externaltools.arm-none.win32_1.3.0.201507241045/tools/compiler/bin/../lib/gcc/arm-none-eabi/4.9.3/../../../../arm-none-eabi/lib/armv7e-m\libc.a(lib_a-findfp.o)
 .ARM.attributes
                0x00000361       0x2e c:/users/james/.eclipse/org.eclipse.platform_4.4.1_248562372_win32_win32_x86_64/plugins/fr.ac6.mcu.externaltools.arm-none.win32_1.3.0.201507241045/tools/compiler/bin/../lib/gcc/arm-none-eabi/4.9.3/../../../../arm-none-eabi/lib/armv7e-m\libc.a(lib_a-fini.o)
 .ARM.attributes
                0x0000038f       0x2e c:/users/james/.eclipse/org.eclipse.platform_4.4.1_248562372_win32_win32_x86_64/plugins/fr.ac6.mcu.externaltools.arm-none.win32_1.3.0.201507241045/tools/compiler/bin/../lib/gcc/arm-none-eabi/4.9.3/../../../../arm-none-eabi/lib/armv7e-m\libc.a(lib_a-freer.o)
 .ARM.attributes
                0x000003bd       0x2e c:/users/james/.eclipse/org.eclipse.platform_4.4.1_248562372_win32_win32_x86_64/plugins/fr.ac6.mcu.externaltools.arm-none.win32_1.3.0.201507241045/tools/compiler/bin/../lib/gcc/arm-none-eabi/4.9.3/../../../../arm-none-eabi/lib/armv7e-m\libc.a(lib_a-fwalk.o)
 .ARM.attributes
                0x000003eb       0x2e c:/users/james/.eclipse/org.eclipse.platform_4.4.1_248562372_win32_win32_x86_64/plugins/fr.ac6.mcu.externaltools.arm-none.win32_1.3.0.201507241045/tools/compiler/bin/../lib/gcc/arm-none-eabi/4.9.3/../../../../arm-none-eabi/lib/armv7e-m\libc.a(lib_a-locale.o)
 .ARM.attributes
                0x00000419       0x2e c:/users/james/.eclipse/org.eclipse.platform_4.4.1_248562372_win32_win32_x86_64/plugins/fr.ac6.mcu.externaltools.arm-none.win32_1.3.0.201507241045/tools/compiler/bin/../lib/gcc/arm-none-eabi/4.9.3/../../../../arm-none-eabi/lib/armv7e-m\libc.a(lib_a-makebuf.o)
 .ARM.attributes
                0x00000447       0x2e c:/users/james/.eclipse/org.eclipse.platform_4.4.1_248562372_win32_win32_x86_64/plugins/fr.ac6.mcu.externaltools.arm-none.win32_1.3.0.201507241045/tools/compiler/bin/../lib/gcc/arm-none-eabi/4.9.3/../../../../arm-none-eabi/lib/armv7e-m\libc.a(lib_a-mallocr.o)
 .ARM.attributes
                0x00000475       0x2e c:/users/james/.eclipse/org.eclipse.platform_4.4.1_248562372_win32_win32_x86_64/plugins/fr.ac6.mcu.externaltools.arm-none.win32_1.3.0.201507241045/tools/compiler/bin/../lib/gcc/arm-none-eabi/4.9.3/../../../../arm-none-eabi/lib/armv7e-m\libc.a(lib_a-memchr.o)
 .ARM.attributes
                0x000004a3       0x1c c:/users/james/.eclipse/org.eclipse.platform_4.4.1_248562372_win32_win32_x86_64/plugins/fr.ac6.mcu.externaltools.arm-none.win32_1.3.0.201507241045/tools/compiler/bin/../lib/gcc/arm-none-eabi/4.9.3/../../../../arm-none-eabi/lib/armv7e-m\libc.a(lib_a-memcpy.o)
 .ARM.attributes
                0x000004bf       0x2e c:/users/james/.eclipse/org.eclipse.platform_4.4.1_248562372_win32_win32_x86_64/plugins/fr.ac6.mcu.externaltools.arm-none.win32_1.3.0.201507241045/tools/compiler/bin/../lib/gcc/arm-none-eabi/4.9.3/../../../../arm-none-eabi/lib/armv7e-m\libc.a(lib_a-mlock.o)
 .ARM.attributes
                0x000004ed       0x2e c:/users/james/.eclipse/org.eclipse.platform_4.4.1_248562372_win32_win32_x86_64/plugins/fr.ac6.mcu.externaltools.arm-none.win32_1.3.0.201507241045/tools/compiler/bin/../lib/gcc/arm-none-eabi/4.9.3/../../../../arm-none-eabi/lib/armv7e-m\libc.a(lib_a-mprec.o)
 .ARM.attributes
                0x0000051b       0x2e c:/users/james/.eclipse/org.eclipse.platform_4.4.1_248562372_win32_win32_x86_64/plugins/fr.ac6.mcu.externaltools.arm-none.win32_1.3.0.201507241045/tools/compiler/bin/../lib/gcc/arm-none-eabi/4.9.3/../../../../arm-none-eabi/lib/armv7e-m\libc.a(lib_a-s_fpclassify.o)
 .ARM.attributes
                0x00000549       0x2e c:/users/james/.eclipse/org.eclipse.platform_4.4.1_248562372_win32_win32_x86_64/plugins/fr.ac6.mcu.externaltools.arm-none.win32_1.3.0.201507241045/tools/compiler/bin/../lib/gcc/arm-none-eabi/4.9.3/../../../../arm-none-eabi/lib/armv7e-m\libc.a(lib_a-sbrkr.o)
 .ARM.attributes
                0x00000577       0x2e c:/users/james/.eclipse/org.eclipse.platform_4.4.1_248562372_win32_win32_x86_64/plugins/fr.ac6.mcu.externaltools.arm-none.win32_1.3.0.201507241045/tools/compiler/bin/../lib/gcc/arm-none-eabi/4.9.3/../../../../arm-none-eabi/lib/armv7e-m\libc.a(lib_a-stdio.o)
 .ARM.attributes
                0x000005a5       0x2e c:/users/james/.eclipse/org.eclipse.platform_4.4.1_248562372_win32_win32_x86_64/plugins/fr.ac6.mcu.externaltools.arm-none.win32_1.3.0.201507241045/tools/compiler/bin/../lib/gcc/arm-none-eabi/4.9.3/../../../../arm-none-eabi/lib/armv7e-m\libc.a(lib_a-strlen.o)
 .ARM.attributes
                0x000005d3       0x2e c:/users/james/.eclipse/org.eclipse.platform_4.4.1_248562372_win32_win32_x86_64/plugins/fr.ac6.mcu.externaltools.arm-none.win32_1.3.0.201507241045/tools/compiler/bin/../lib/gcc/arm-none-eabi/4.9.3/../../../../arm-none-eabi/lib/armv7e-m\libc.a(lib_a-vfiprintf.o)
 .ARM.attributes
                0x00000601       0x2e c:/users/james/.eclipse/org.eclipse.platform_4.4.1_248562372_win32_win32_x86_64/plugins/fr.ac6.mcu.externaltools.arm-none.win32_1.3.0.201507241045/tools/compiler/bin/../lib/gcc/arm-none-eabi/4.9.3/../../../../arm-none-eabi/lib/armv7e-m\libc.a(lib_a-writer.o)
 .ARM.attributes
                0x0000062f       0x2e c:/users/james/.eclipse/org.eclipse.platform_4.4.1_248562372_win32_win32_x86_64/plugins/fr.ac6.mcu.externaltools.arm-none.win32_1.3.0.201507241045/tools/compiler/bin/../lib/gcc/arm-none-eabi/4.9.3/../../../../arm-none-eabi/lib/armv7e-m\libc.a(lib_a-__atexit.o)
 .ARM.attributes
                0x0000065d       0x2e c:/users/james/.eclipse/org.eclipse.platform_4.4.1_248562372_win32_win32_x86_64/plugins/fr.ac6.mcu.externaltools.arm-none.win32_1.3.0.201507241045/tools/compiler/bin/../lib/gcc/arm-none-eabi/4.9.3/../../../../arm-none-eabi/lib/armv7e-m\libc.a(lib_a-callocr.o)
 .ARM.attributes
                0x0000068b       0x2e c:/users/james/.eclipse/org.eclipse.platform_4.4.1_248562372_win32_win32_x86_64/plugins/fr.ac6.mcu.externaltools.arm-none.win32_1.3.0.201507241045/tools/compiler/bin/../lib/gcc/arm-none-eabi/4.9.3/../../../../arm-none-eabi/lib/armv7e-m\libc.a(lib_a-closer.o)
 .ARM.attributes
                0x000006b9       0x2e c:/users/james/.eclipse/org.eclipse.platform_4.4.1_248562372_win32_win32_x86_64/plugins/fr.ac6.mcu.externaltools.arm-none.win32_1.3.0.201507241045/tools/compiler/bin/../lib/gcc/arm-none-eabi/4.9.3/../../../../arm-none-eabi/lib/armv7e-m\libc.a(lib_a-fclose.o)
 .ARM.attributes
                0x000006e7       0x2e c:/users/james/.eclipse/org.eclipse.platform_4.4.1_248562372_win32_win32_x86_64/plugins/fr.ac6.mcu.externaltools.arm-none.win32_1.3.0.201507241045/tools/compiler/bin/../lib/gcc/arm-none-eabi/4.9.3/../../../../arm-none-eabi/lib/armv7e-m\libc.a(lib_a-fputwc.o)
 .ARM.attributes
                0x00000715       0x2e c:/users/james/.eclipse/org.eclipse.platform_4.4.1_248562372_win32_win32_x86_64/plugins/fr.ac6.mcu.externaltools.arm-none.win32_1.3.0.201507241045/tools/compiler/bin/../lib/gcc/arm-none-eabi/4.9.3/../../../../arm-none-eabi/lib/armv7e-m\libc.a(lib_a-fstatr.o)
 .ARM.attributes
                0x00000743       0x2e c:/users/james/.eclipse/org.eclipse.platform_4.4.1_248562372_win32_win32_x86_64/plugins/fr.ac6.mcu.externaltools.arm-none.win32_1.3.0.201507241045/tools/compiler/bin/../lib/gcc/arm-none-eabi/4.9.3/../../../../arm-none-eabi/lib/armv7e-m\libc.a(lib_a-fvwrite.o)
 .ARM.attributes
                0x00000771       0x2e c:/users/james/.eclipse/org.eclipse.platform_4.4.1_248562372_win32_win32_x86_64/plugins/fr.ac6.mcu.externaltools.arm-none.win32_1.3.0.201507241045/tools/compiler/bin/../lib/gcc/arm-none-eabi/4.9.3/../../../../arm-none-eabi/lib/armv7e-m\libc.a(lib_a-isattyr.o)
 .ARM.attributes
                0x0000079f       0x2e c:/users/james/.eclipse/org.eclipse.platform_4.4.1_248562372_win32_win32_x86_64/plugins/fr.ac6.mcu.externaltools.arm-none.win32_1.3.0.201507241045/tools/compiler/bin/../lib/gcc/arm-none-eabi/4.9.3/../../../../arm-none-eabi/lib/armv7e-m\libc.a(lib_a-lseekr.o)
 .ARM.attributes
                0x000007cd       0x2e c:/users/james/.eclipse/org.eclipse.platform_4.4.1_248562372_win32_win32_x86_64/plugins/fr.ac6.mcu.externaltools.arm-none.win32_1.3.0.201507241045/tools/compiler/bin/../lib/gcc/arm-none-eabi/4.9.3/../../../../arm-none-eabi/lib/armv7e-m\libc.a(lib_a-memmove.o)
 .ARM.attributes
                0x000007fb       0x2e c:/users/james/.eclipse/org.eclipse.platform_4.4.1_248562372_win32_win32_x86_64/plugins/fr.ac6.mcu.externaltools.arm-none.win32_1.3.0.201507241045/tools/compiler/bin/../lib/gcc/arm-none-eabi/4.9.3/../../../../arm-none-eabi/lib/armv7e-m\libc.a(lib_a-readr.o)
 .ARM.attributes
                0x00000829       0x2e c:/users/james/.eclipse/org.eclipse.platform_4.4.1_248562372_win32_win32_x86_64/plugins/fr.ac6.mcu.externaltools.arm-none.win32_1.3.0.201507241045/tools/compiler/bin/../lib/gcc/arm-none-eabi/4.9.3/../../../../arm-none-eabi/lib/armv7e-m\libc.a(lib_a-reallocr.o)
 .ARM.attributes
                0x00000857       0x2e c:/users/james/.eclipse/org.eclipse.platform_4.4.1_248562372_win32_win32_x86_64/plugins/fr.ac6.mcu.externaltools.arm-none.win32_1.3.0.201507241045/tools/compiler/bin/../lib/gcc/arm-none-eabi/4.9.3/../../../../arm-none-eabi/lib/armv7e-m\libc.a(lib_a-reent.o)
 .ARM.attributes
                0x00000885       0x2e c:/users/james/.eclipse/org.eclipse.platform_4.4.1_248562372_win32_win32_x86_64/plugins/fr.ac6.mcu.externaltools.arm-none.win32_1.3.0.201507241045/tools/compiler/bin/../lib/gcc/arm-none-eabi/4.9.3/../../../../arm-none-eabi/lib/armv7e-m\libc.a(lib_a-wbuf.o)
 .ARM.attributes
                0x000008b3       0x2e c:/users/james/.eclipse/org.eclipse.platform_4.4.1_248562372_win32_win32_x86_64/plugins/fr.ac6.mcu.externaltools.arm-none.win32_1.3.0.201507241045/tools/compiler/bin/../lib/gcc/arm-none-eabi/4.9.3/../../../../arm-none-eabi/lib/armv7e-m\libc.a(lib_a-wcrtomb.o)
 .ARM.attributes
                0x000008e1       0x2e c:/users/james/.eclipse/org.eclipse.platform_4.4.1_248562372_win32_win32_x86_64/plugins/fr.ac6.mcu.externaltools.arm-none.win32_1.3.0.201507241045/tools/compiler/bin/../lib/gcc/arm-none-eabi/4.9.3/../../../../arm-none-eabi/lib/armv7e-m\libc.a(lib_a-wctomb_r.o)
 .ARM.attributes
                0x0000090f       0x1e c:/users/james/.eclipse/org.eclipse.platform_4.4.1_248562372_win32_win32_x86_64/plugins/fr.ac6.mcu.externaltools.arm-none.win32_1.3.0.201507241045/tools/compiler/bin/../lib/gcc/arm-none-eabi/4.9.3/armv7e-m\libgcc.a(_arm_addsubdf3.o)
 .ARM.attributes
                0x0000092d       0x1e c:/users/james/.eclipse/org.eclipse.platform_4.4.1_248562372_win32_win32_x86_64/plugins/fr.ac6.mcu.externaltools.arm-none.win32_1.3.0.201507241045/tools/compiler/bin/../lib/gcc/arm-none-eabi/4.9.3/armv7e-m\libgcc.a(_arm_muldivdf3.o)
 .ARM.attributes
                0x0000094b       0x1e c:/users/james/.eclipse/org.eclipse.platform_4.4.1_248562372_win32_win32_x86_64/plugins/fr.ac6.mcu.externaltools.arm-none.win32_1.3.0.201507241045/tools/compiler/bin/../lib/gcc/arm-none-eabi/4.9.3/armv7e-m\libgcc.a(_arm_cmpdf2.o)
 .ARM.attributes
                0x00000969       0x1e c:/users/james/.eclipse/org.eclipse.platform_4.4.1_248562372_win32_win32_x86_64/plugins/fr.ac6.mcu.externaltools.arm-none.win32_1.3.0.201507241045/tools/compiler/bin/../lib/gcc/arm-none-eabi/4.9.3/armv7e-m\libgcc.a(_arm_fixdfsi.o)
 .ARM.attributes
                0x00000987       0x1e c:/users/james/.eclipse/org.eclipse.platform_4.4.1_248562372_win32_win32_x86_64/plugins/fr.ac6.mcu.externaltools.arm-none.win32_1.3.0.201507241045/tools/compiler/bin/../lib/gcc/arm-none-eabi/4.9.3/armv7e-m\libgcc.a(_aeabi_uldivmod.o)
 .ARM.attributes
                0x000009a5       0x2e c:/users/james/.eclipse/org.eclipse.platform_4.4.1_248562372_win32_win32_x86_64/plugins/fr.ac6.mcu.externaltools.arm-none.win32_1.3.0.201507241045/tools/compiler/bin/../lib/gcc/arm-none-eabi/4.9.3/armv7e-m\libgcc.a(bpabi.o)
 .ARM.attributes
                0x000009d3       0x1e c:/users/james/.eclipse/org.eclipse.platform_4.4.1_248562372_win32_win32_x86_64/plugins/fr.ac6.mcu.externaltools.arm-none.win32_1.3.0.201507241045/tools/compiler/bin/../lib/gcc/arm-none-eabi/4.9.3/armv7e-m\libgcc.a(_dvmd_tls.o)
 .ARM.attributes
                0x000009f1       0x2e c:/users/james/.eclipse/org.eclipse.platform_4.4.1_248562372_win32_win32_x86_64/plugins/fr.ac6.mcu.externaltools.arm-none.win32_1.3.0.201507241045/tools/compiler/bin/../lib/gcc/arm-none-eabi/4.9.3/armv7e-m\libgcc.a(_divdi3.o)
 .ARM.attributes
                0x00000a1f       0x2e c:/users/james/.eclipse/org.eclipse.platform_4.4.1_248562372_win32_win32_x86_64/plugins/fr.ac6.mcu.externaltools.arm-none.win32_1.3.0.201507241045/tools/compiler/bin/../lib/gcc/arm-none-eabi/4.9.3/armv7e-m\libgcc.a(_udivdi3.o)
 .ARM.attributes
                0x00000a4d       0x1e c:/users/james/.eclipse/org.eclipse.platform_4.4.1_248562372_win32_win32_x86_64/plugins/fr.ac6.mcu.externaltools.arm-none.win32_1.3.0.201507241045/tools/compiler/bin/../lib/gcc/arm-none-eabi/4.9.3/armv7e-m/crtn.o
OUTPUT(LasertagPacketSensor.elf elf32-littlearm)

.debug_line     0x00000000     0x1dac
 .debug_line    0x00000000       0x7b startup/startup_stm32f30x.o
 .debug_line    0x0000007b      0x811 src/main.o
 .debug_line    0x0000088c      0x7d3 src/stm32f30x_it.o
 .debug_line    0x0000105f      0x60a src/syscalls.o
 .debug_line    0x00001669      0x743 src/system_stm32f30x.o

.debug_info     0x00000000      0xfce
 .debug_info    0x00000000       0x7d startup/startup_stm32f30x.o
 .debug_info    0x0000007d      0x31a src/main.o
 .debug_info    0x00000397      0x137 src/stm32f30x_it.o
 .debug_info    0x000004ce      0x660 src/syscalls.o
 .debug_info    0x00000b2e      0x4a0 src/system_stm32f30x.o

.debug_abbrev   0x00000000      0x4d7
 .debug_abbrev  0x00000000       0x12 startup/startup_stm32f30x.o
 .debug_abbrev  0x00000012      0x185 src/main.o
 .debug_abbrev  0x00000197       0x82 src/stm32f30x_it.o
 .debug_abbrev  0x00000219      0x174 src/syscalls.o
 .debug_abbrev  0x0000038d      0x14a src/system_stm32f30x.o

.debug_aranges  0x00000000      0x1a0
 .debug_aranges
                0x00000000       0x28 startup/startup_stm32f30x.o
 .debug_aranges
                0x00000028       0x38 src/main.o
 .debug_aranges
                0x00000060       0x60 src/stm32f30x_it.o
 .debug_aranges
                0x000000c0       0xb0 src/syscalls.o
 .debug_aranges
                0x00000170       0x30 src/system_stm32f30x.o

.debug_ranges   0x00000000      0x158
 .debug_ranges  0x00000000       0x20 startup/startup_stm32f30x.o
 .debug_ranges  0x00000020       0x28 src/main.o
 .debug_ranges  0x00000048       0x50 src/stm32f30x_it.o
 .debug_ranges  0x00000098       0xa0 src/syscalls.o
 .debug_ranges  0x00000138       0x20 src/system_stm32f30x.o

.debug_macro    0x00000000     0xdf1a
 .debug_macro   0x00000000      0x196 src/main.o
 .debug_macro   0x00000196      0x892 src/main.o
 .debug_macro   0x00000a28       0x7a src/main.o
 .debug_macro   0x00000aa2       0x3b src/main.o
 .debug_macro   0x00000add       0x22 src/main.o
 .debug_macro   0x00000aff       0x44 src/main.o
 .debug_macro   0x00000b43       0x1c src/main.o
 .debug_macro   0x00000b5f      0x1f7 src/main.o
 .debug_macro   0x00000d56       0x18 src/main.o
 .debug_macro   0x00000d6e       0x42 src/main.o
 .debug_macro   0x00000db0      0xc91 src/main.o
 .debug_macro   0x00001a41     0x769b src/main.o
 .debug_macro   0x000090dc      0x521 src/main.o
 .debug_macro   0x000095fd      0x3cf src/main.o
 .debug_macro   0x000099cc       0x46 src/main.o
 .debug_macro   0x00009a12      0x231 src/main.o
 .debug_macro   0x00009c43      0x196 src/main.o
 .debug_macro   0x00009dd9       0x8e src/main.o
 .debug_macro   0x00009e67      0x3a8 src/main.o
 .debug_macro   0x0000a20f      0x114 src/main.o
 .debug_macro   0x0000a323      0x1e4 src/main.o
 .debug_macro   0x0000a507      0x1a1 src/main.o
 .debug_macro   0x0000a6a8      0x1df src/main.o
 .debug_macro   0x0000a887      0x29a src/main.o
 .debug_macro   0x0000ab21       0x70 src/main.o
 .debug_macro   0x0000ab91      0x10c src/main.o
 .debug_macro   0x0000ac9d       0xb8 src/main.o
 .debug_macro   0x0000ad55      0x5c6 src/main.o
 .debug_macro   0x0000b31b      0x551 src/main.o
 .debug_macro   0x0000b86c      0x3ab src/main.o
 .debug_macro   0x0000bc17      0x8d8 src/main.o
 .debug_macro   0x0000c4ef      0x364 src/main.o
 .debug_macro   0x0000c853       0x34 src/main.o
 .debug_macro   0x0000c887       0x89 src/main.o
 .debug_macro   0x0000c910       0x35 src/main.o
 .debug_macro   0x0000c945       0xd8 src/main.o
 .debug_macro   0x0000ca1d      0x196 src/stm32f30x_it.o
 .debug_macro   0x0000cbb3      0x1a3 src/syscalls.o
 .debug_macro   0x0000cd56       0x58 src/syscalls.o
 .debug_macro   0x0000cdae       0x35 src/syscalls.o
 .debug_macro   0x0000cde3       0x9c src/syscalls.o
 .debug_macro   0x0000ce7f      0x166 src/syscalls.o
 .debug_macro   0x0000cfe5       0x4a src/syscalls.o
 .debug_macro   0x0000d02f       0x52 src/syscalls.o
 .debug_macro   0x0000d081       0x16 src/syscalls.o
 .debug_macro   0x0000d097       0x43 src/syscalls.o
 .debug_macro   0x0000d0da      0x180 src/syscalls.o
 .debug_macro   0x0000d25a       0x10 src/syscalls.o
 .debug_macro   0x0000d26a       0x35 src/syscalls.o
 .debug_macro   0x0000d29f       0x10 src/syscalls.o
 .debug_macro   0x0000d2af       0x10 src/syscalls.o
 .debug_macro   0x0000d2bf       0x10 src/syscalls.o
 .debug_macro   0x0000d2cf       0x22 src/syscalls.o
 .debug_macro   0x0000d2f1       0xbd src/syscalls.o
 .debug_macro   0x0000d3ae       0x35 src/syscalls.o
 .debug_macro   0x0000d3e3      0x29d src/syscalls.o
 .debug_macro   0x0000d680      0x121 src/syscalls.o
 .debug_macro   0x0000d7a1       0x16 src/syscalls.o
 .debug_macro   0x0000d7b7       0x16 src/syscalls.o
 .debug_macro   0x0000d7cd       0x29 src/syscalls.o
 .debug_macro   0x0000d7f6       0x10 src/syscalls.o
 .debug_macro   0x0000d806      0x241 src/syscalls.o
 .debug_macro   0x0000da47       0x1c src/syscalls.o
 .debug_macro   0x0000da63       0x10 src/syscalls.o
 .debug_macro   0x0000da73       0x16 src/syscalls.o
 .debug_macro   0x0000da89      0x196 src/syscalls.o
 .debug_macro   0x0000dc1f      0x13e src/syscalls.o
 .debug_macro   0x0000dd5d       0x16 src/syscalls.o
 .debug_macro   0x0000dd73       0x22 src/syscalls.o
 .debug_macro   0x0000dd95      0x185 src/system_stm32f30x.o

.debug_str      0x00000000    0x575e4
 .debug_str     0x00000000    0x533cb src/main.o
                              0x53531 (size before relaxing)
 .debug_str     0x000533cb       0xa6 src/stm32f30x_it.o
                              0x533b1 (size before relaxing)
 .debug_str     0x00053471     0x3fba src/syscalls.o
                               0x6757 (size before relaxing)
 .debug_str     0x0005742b      0x1b9 src/system_stm32f30x.o
                              0x53149 (size before relaxing)

.comment        0x00000000       0x70
 .comment       0x00000000       0x70 src/main.o
                                 0x71 (size before relaxing)
 .comment       0x00000000       0x71 src/stm32f30x_it.o
 .comment       0x00000000       0x71 src/syscalls.o
 .comment       0x00000000       0x71 src/system_stm32f30x.o

.debug_frame    0x00000000     0x155c
 .debug_frame   0x00000000       0xa0 src/main.o
 .debug_frame   0x000000a0      0x10c src/stm32f30x_it.o
 .debug_frame   0x000001ac      0x2d4 src/syscalls.o
 .debug_frame   0x00000480       0x7c src/system_stm32f30x.o
 .debug_frame   0x000004fc       0x20 c:/users/james/.eclipse/org.eclipse.platform_4.4.1_248562372_win32_win32_x86_64/plugins/fr.ac6.mcu.externaltools.arm-none.win32_1.3.0.201507241045/tools/compiler/bin/../lib/gcc/arm-none-eabi/4.9.3/../../../../arm-none-eabi/lib/armv7e-m\libc.a(lib_a-errno.o)
 .debug_frame   0x0000051c       0x2c c:/users/james/.eclipse/org.eclipse.platform_4.4.1_248562372_win32_win32_x86_64/plugins/fr.ac6.mcu.externaltools.arm-none.win32_1.3.0.201507241045/tools/compiler/bin/../lib/gcc/arm-none-eabi/4.9.3/../../../../arm-none-eabi/lib/armv7e-m\libc.a(lib_a-init.o)
 .debug_frame   0x00000548       0x34 c:/users/james/.eclipse/org.eclipse.platform_4.4.1_248562372_win32_win32_x86_64/plugins/fr.ac6.mcu.externaltools.arm-none.win32_1.3.0.201507241045/tools/compiler/bin/../lib/gcc/arm-none-eabi/4.9.3/../../../../arm-none-eabi/lib/armv7e-m\libc.a(lib_a-memset.o)
 .debug_frame   0x0000057c       0x74 c:/users/james/.eclipse/org.eclipse.platform_4.4.1_248562372_win32_win32_x86_64/plugins/fr.ac6.mcu.externaltools.arm-none.win32_1.3.0.201507241045/tools/compiler/bin/../lib/gcc/arm-none-eabi/4.9.3/../../../../arm-none-eabi/lib/armv7e-m\libc.a(lib_a-printf.o)
 .debug_frame   0x000005f0       0x90 c:/users/james/.eclipse/org.eclipse.platform_4.4.1_248562372_win32_win32_x86_64/plugins/fr.ac6.mcu.externaltools.arm-none.win32_1.3.0.201507241045/tools/compiler/bin/../lib/gcc/arm-none-eabi/4.9.3/../../../../arm-none-eabi/lib/armv7e-m\libc.a(lib_a-vfprintf.o)
 .debug_frame   0x00000680       0x2c c:/users/james/.eclipse/org.eclipse.platform_4.4.1_248562372_win32_win32_x86_64/plugins/fr.ac6.mcu.externaltools.arm-none.win32_1.3.0.201507241045/tools/compiler/bin/../lib/gcc/arm-none-eabi/4.9.3/../../../../arm-none-eabi/lib/armv7e-m\libc.a(lib_a-wsetup.o)
 .debug_frame   0x000006ac       0x50 c:/users/james/.eclipse/org.eclipse.platform_4.4.1_248562372_win32_win32_x86_64/plugins/fr.ac6.mcu.externaltools.arm-none.win32_1.3.0.201507241045/tools/compiler/bin/../lib/gcc/arm-none-eabi/4.9.3/../../../../arm-none-eabi/lib/armv7e-m\libc.a(lib_a-__call_atexit.o)
 .debug_frame   0x000006fc       0x20 c:/users/james/.eclipse/org.eclipse.platform_4.4.1_248562372_win32_win32_x86_64/plugins/fr.ac6.mcu.externaltools.arm-none.win32_1.3.0.201507241045/tools/compiler/bin/../lib/gcc/arm-none-eabi/4.9.3/../../../../arm-none-eabi/lib/armv7e-m\libc.a(lib_a-atexit.o)
 .debug_frame   0x0000071c       0x88 c:/users/james/.eclipse/org.eclipse.platform_4.4.1_248562372_win32_win32_x86_64/plugins/fr.ac6.mcu.externaltools.arm-none.win32_1.3.0.201507241045/tools/compiler/bin/../lib/gcc/arm-none-eabi/4.9.3/../../../../arm-none-eabi/lib/armv7e-m\libc.a(lib_a-dtoa.o)
 .debug_frame   0x000007a4       0x6c c:/users/james/.eclipse/org.eclipse.platform_4.4.1_248562372_win32_win32_x86_64/plugins/fr.ac6.mcu.externaltools.arm-none.win32_1.3.0.201507241045/tools/compiler/bin/../lib/gcc/arm-none-eabi/4.9.3/../../../../arm-none-eabi/lib/armv7e-m\libc.a(lib_a-fflush.o)
 .debug_frame   0x00000810      0x124 c:/users/james/.eclipse/org.eclipse.platform_4.4.1_248562372_win32_win32_x86_64/plugins/fr.ac6.mcu.externaltools.arm-none.win32_1.3.0.201507241045/tools/compiler/bin/../lib/gcc/arm-none-eabi/4.9.3/../../../../arm-none-eabi/lib/armv7e-m\libc.a(lib_a-findfp.o)
 .debug_frame   0x00000934       0x34 c:/users/james/.eclipse/org.eclipse.platform_4.4.1_248562372_win32_win32_x86_64/plugins/fr.ac6.mcu.externaltools.arm-none.win32_1.3.0.201507241045/tools/compiler/bin/../lib/gcc/arm-none-eabi/4.9.3/../../../../arm-none-eabi/lib/armv7e-m\libc.a(lib_a-fini.o)
 .debug_frame   0x00000968       0x74 c:/users/james/.eclipse/org.eclipse.platform_4.4.1_248562372_win32_win32_x86_64/plugins/fr.ac6.mcu.externaltools.arm-none.win32_1.3.0.201507241045/tools/compiler/bin/../lib/gcc/arm-none-eabi/4.9.3/../../../../arm-none-eabi/lib/armv7e-m\libc.a(lib_a-freer.o)
 .debug_frame   0x000009dc       0x54 c:/users/james/.eclipse/org.eclipse.platform_4.4.1_248562372_win32_win32_x86_64/plugins/fr.ac6.mcu.externaltools.arm-none.win32_1.3.0.201507241045/tools/compiler/bin/../lib/gcc/arm-none-eabi/4.9.3/../../../../arm-none-eabi/lib/armv7e-m\libc.a(lib_a-fwalk.o)
 .debug_frame   0x00000a30       0x9c c:/users/james/.eclipse/org.eclipse.platform_4.4.1_248562372_win32_win32_x86_64/plugins/fr.ac6.mcu.externaltools.arm-none.win32_1.3.0.201507241045/tools/compiler/bin/../lib/gcc/arm-none-eabi/4.9.3/../../../../arm-none-eabi/lib/armv7e-m\libc.a(lib_a-locale.o)
 .debug_frame   0x00000acc       0x48 c:/users/james/.eclipse/org.eclipse.platform_4.4.1_248562372_win32_win32_x86_64/plugins/fr.ac6.mcu.externaltools.arm-none.win32_1.3.0.201507241045/tools/compiler/bin/../lib/gcc/arm-none-eabi/4.9.3/../../../../arm-none-eabi/lib/armv7e-m\libc.a(lib_a-makebuf.o)
 .debug_frame   0x00000b14       0x58 c:/users/james/.eclipse/org.eclipse.platform_4.4.1_248562372_win32_win32_x86_64/plugins/fr.ac6.mcu.externaltools.arm-none.win32_1.3.0.201507241045/tools/compiler/bin/../lib/gcc/arm-none-eabi/4.9.3/../../../../arm-none-eabi/lib/armv7e-m\libc.a(lib_a-mallocr.o)
 .debug_frame   0x00000b6c       0x3c c:/users/james/.eclipse/org.eclipse.platform_4.4.1_248562372_win32_win32_x86_64/plugins/fr.ac6.mcu.externaltools.arm-none.win32_1.3.0.201507241045/tools/compiler/bin/../lib/gcc/arm-none-eabi/4.9.3/../../../../arm-none-eabi/lib/armv7e-m\libc.a(lib_a-memchr.o)
 .debug_frame   0x00000ba8       0x30 c:/users/james/.eclipse/org.eclipse.platform_4.4.1_248562372_win32_win32_x86_64/plugins/fr.ac6.mcu.externaltools.arm-none.win32_1.3.0.201507241045/tools/compiler/bin/../lib/gcc/arm-none-eabi/4.9.3/../../../../arm-none-eabi/lib/armv7e-m\libc.a(lib_a-mlock.o)
 .debug_frame   0x00000bd8      0x268 c:/users/james/.eclipse/org.eclipse.platform_4.4.1_248562372_win32_win32_x86_64/plugins/fr.ac6.mcu.externaltools.arm-none.win32_1.3.0.201507241045/tools/compiler/bin/../lib/gcc/arm-none-eabi/4.9.3/../../../../arm-none-eabi/lib/armv7e-m\libc.a(lib_a-mprec.o)
 .debug_frame   0x00000e40       0x34 c:/users/james/.eclipse/org.eclipse.platform_4.4.1_248562372_win32_win32_x86_64/plugins/fr.ac6.mcu.externaltools.arm-none.win32_1.3.0.201507241045/tools/compiler/bin/../lib/gcc/arm-none-eabi/4.9.3/../../../../arm-none-eabi/lib/armv7e-m\libc.a(lib_a-s_fpclassify.o)
 .debug_frame   0x00000e74       0x2c c:/users/james/.eclipse/org.eclipse.platform_4.4.1_248562372_win32_win32_x86_64/plugins/fr.ac6.mcu.externaltools.arm-none.win32_1.3.0.201507241045/tools/compiler/bin/../lib/gcc/arm-none-eabi/4.9.3/../../../../arm-none-eabi/lib/armv7e-m\libc.a(lib_a-sbrkr.o)
 .debug_frame   0x00000ea0       0x88 c:/users/james/.eclipse/org.eclipse.platform_4.4.1_248562372_win32_win32_x86_64/plugins/fr.ac6.mcu.externaltools.arm-none.win32_1.3.0.201507241045/tools/compiler/bin/../lib/gcc/arm-none-eabi/4.9.3/../../../../arm-none-eabi/lib/armv7e-m\libc.a(lib_a-stdio.o)
 .debug_frame   0x00000f28       0x20 c:/users/james/.eclipse/org.eclipse.platform_4.4.1_248562372_win32_win32_x86_64/plugins/fr.ac6.mcu.externaltools.arm-none.win32_1.3.0.201507241045/tools/compiler/bin/../lib/gcc/arm-none-eabi/4.9.3/../../../../arm-none-eabi/lib/armv7e-m\libc.a(lib_a-strlen.o)
 .debug_frame   0x00000f48       0xd8 c:/users/james/.eclipse/org.eclipse.platform_4.4.1_248562372_win32_win32_x86_64/plugins/fr.ac6.mcu.externaltools.arm-none.win32_1.3.0.201507241045/tools/compiler/bin/../lib/gcc/arm-none-eabi/4.9.3/../../../../arm-none-eabi/lib/armv7e-m\libc.a(lib_a-vfiprintf.o)
 .debug_frame   0x00001020       0x2c c:/users/james/.eclipse/org.eclipse.platform_4.4.1_248562372_win32_win32_x86_64/plugins/fr.ac6.mcu.externaltools.arm-none.win32_1.3.0.201507241045/tools/compiler/bin/../lib/gcc/arm-none-eabi/4.9.3/../../../../arm-none-eabi/lib/armv7e-m\libc.a(lib_a-writer.o)
 .debug_frame   0x0000104c       0x34 c:/users/james/.eclipse/org.eclipse.platform_4.4.1_248562372_win32_win32_x86_64/plugins/fr.ac6.mcu.externaltools.arm-none.win32_1.3.0.201507241045/tools/compiler/bin/../lib/gcc/arm-none-eabi/4.9.3/../../../../arm-none-eabi/lib/armv7e-m\libc.a(lib_a-__atexit.o)
 .debug_frame   0x00001080       0x28 c:/users/james/.eclipse/org.eclipse.platform_4.4.1_248562372_win32_win32_x86_64/plugins/fr.ac6.mcu.externaltools.arm-none.win32_1.3.0.201507241045/tools/compiler/bin/../lib/gcc/arm-none-eabi/4.9.3/../../../../arm-none-eabi/lib/armv7e-m\libc.a(lib_a-callocr.o)
 .debug_frame   0x000010a8       0x2c c:/users/james/.eclipse/org.eclipse.platform_4.4.1_248562372_win32_win32_x86_64/plugins/fr.ac6.mcu.externaltools.arm-none.win32_1.3.0.201507241045/tools/compiler/bin/../lib/gcc/arm-none-eabi/4.9.3/../../../../arm-none-eabi/lib/armv7e-m\libc.a(lib_a-closer.o)
 .debug_frame   0x000010d4       0x44 c:/users/james/.eclipse/org.eclipse.platform_4.4.1_248562372_win32_win32_x86_64/plugins/fr.ac6.mcu.externaltools.arm-none.win32_1.3.0.201507241045/tools/compiler/bin/../lib/gcc/arm-none-eabi/4.9.3/../../../../arm-none-eabi/lib/armv7e-m\libc.a(lib_a-fclose.o)
 .debug_frame   0x00001118       0x84 c:/users/james/.eclipse/org.eclipse.platform_4.4.1_248562372_win32_win32_x86_64/plugins/fr.ac6.mcu.externaltools.arm-none.win32_1.3.0.201507241045/tools/compiler/bin/../lib/gcc/arm-none-eabi/4.9.3/../../../../arm-none-eabi/lib/armv7e-m\libc.a(lib_a-fputwc.o)
 .debug_frame   0x0000119c       0x2c c:/users/james/.eclipse/org.eclipse.platform_4.4.1_248562372_win32_win32_x86_64/plugins/fr.ac6.mcu.externaltools.arm-none.win32_1.3.0.201507241045/tools/compiler/bin/../lib/gcc/arm-none-eabi/4.9.3/../../../../arm-none-eabi/lib/armv7e-m\libc.a(lib_a-fstatr.o)
 .debug_frame   0x000011c8       0x68 c:/users/james/.eclipse/org.eclipse.platform_4.4.1_248562372_win32_win32_x86_64/plugins/fr.ac6.mcu.externaltools.arm-none.win32_1.3.0.201507241045/tools/compiler/bin/../lib/gcc/arm-none-eabi/4.9.3/../../../../arm-none-eabi/lib/armv7e-m\libc.a(lib_a-fvwrite.o)
 .debug_frame   0x00001230       0x2c c:/users/james/.eclipse/org.eclipse.platform_4.4.1_248562372_win32_win32_x86_64/plugins/fr.ac6.mcu.externaltools.arm-none.win32_1.3.0.201507241045/tools/compiler/bin/../lib/gcc/arm-none-eabi/4.9.3/../../../../arm-none-eabi/lib/armv7e-m\libc.a(lib_a-isattyr.o)
 .debug_frame   0x0000125c       0x2c c:/users/james/.eclipse/org.eclipse.platform_4.4.1_248562372_win32_win32_x86_64/plugins/fr.ac6.mcu.externaltools.arm-none.win32_1.3.0.201507241045/tools/compiler/bin/../lib/gcc/arm-none-eabi/4.9.3/../../../../arm-none-eabi/lib/armv7e-m\libc.a(lib_a-lseekr.o)
 .debug_frame   0x00001288       0x30 c:/users/james/.eclipse/org.eclipse.platform_4.4.1_248562372_win32_win32_x86_64/plugins/fr.ac6.mcu.externaltools.arm-none.win32_1.3.0.201507241045/tools/compiler/bin/../lib/gcc/arm-none-eabi/4.9.3/../../../../arm-none-eabi/lib/armv7e-m\libc.a(lib_a-memmove.o)
 .debug_frame   0x000012b8       0x2c c:/users/james/.eclipse/org.eclipse.platform_4.4.1_248562372_win32_win32_x86_64/plugins/fr.ac6.mcu.externaltools.arm-none.win32_1.3.0.201507241045/tools/compiler/bin/../lib/gcc/arm-none-eabi/4.9.3/../../../../arm-none-eabi/lib/armv7e-m\libc.a(lib_a-readr.o)
 .debug_frame   0x000012e4       0x60 c:/users/james/.eclipse/org.eclipse.platform_4.4.1_248562372_win32_win32_x86_64/plugins/fr.ac6.mcu.externaltools.arm-none.win32_1.3.0.201507241045/tools/compiler/bin/../lib/gcc/arm-none-eabi/4.9.3/../../../../arm-none-eabi/lib/armv7e-m\libc.a(lib_a-reallocr.o)
 .debug_frame   0x00001344       0x58 c:/users/james/.eclipse/org.eclipse.platform_4.4.1_248562372_win32_win32_x86_64/plugins/fr.ac6.mcu.externaltools.arm-none.win32_1.3.0.201507241045/tools/compiler/bin/../lib/gcc/arm-none-eabi/4.9.3/../../../../arm-none-eabi/lib/armv7e-m\libc.a(lib_a-reent.o)
 .debug_frame   0x0000139c       0x3c c:/users/james/.eclipse/org.eclipse.platform_4.4.1_248562372_win32_win32_x86_64/plugins/fr.ac6.mcu.externaltools.arm-none.win32_1.3.0.201507241045/tools/compiler/bin/../lib/gcc/arm-none-eabi/4.9.3/../../../../arm-none-eabi/lib/armv7e-m\libc.a(lib_a-wbuf.o)
 .debug_frame   0x000013d8       0x60 c:/users/james/.eclipse/org.eclipse.platform_4.4.1_248562372_win32_win32_x86_64/plugins/fr.ac6.mcu.externaltools.arm-none.win32_1.3.0.201507241045/tools/compiler/bin/../lib/gcc/arm-none-eabi/4.9.3/../../../../arm-none-eabi/lib/armv7e-m\libc.a(lib_a-wcrtomb.o)
 .debug_frame   0x00001438       0x48 c:/users/james/.eclipse/org.eclipse.platform_4.4.1_248562372_win32_win32_x86_64/plugins/fr.ac6.mcu.externaltools.arm-none.win32_1.3.0.201507241045/tools/compiler/bin/../lib/gcc/arm-none-eabi/4.9.3/../../../../arm-none-eabi/lib/armv7e-m\libc.a(lib_a-wctomb_r.o)
 .debug_frame   0x00001480       0x28 c:/users/james/.eclipse/org.eclipse.platform_4.4.1_248562372_win32_win32_x86_64/plugins/fr.ac6.mcu.externaltools.arm-none.win32_1.3.0.201507241045/tools/compiler/bin/../lib/gcc/arm-none-eabi/4.9.3/armv7e-m\libgcc.a(_aeabi_uldivmod.o)
 .debug_frame   0x000014a8       0x50 c:/users/james/.eclipse/org.eclipse.platform_4.4.1_248562372_win32_win32_x86_64/plugins/fr.ac6.mcu.externaltools.arm-none.win32_1.3.0.201507241045/tools/compiler/bin/../lib/gcc/arm-none-eabi/4.9.3/armv7e-m\libgcc.a(bpabi.o)
 .debug_frame   0x000014f8       0x34 c:/users/james/.eclipse/org.eclipse.platform_4.4.1_248562372_win32_win32_x86_64/plugins/fr.ac6.mcu.externaltools.arm-none.win32_1.3.0.201507241045/tools/compiler/bin/../lib/gcc/arm-none-eabi/4.9.3/armv7e-m\libgcc.a(_divdi3.o)