Archive member included because of file (symbol)

c:/program files (x86)/eclipse/plugins/fr.ac6.mcu.externaltools.arm-none.win32_1.3.0.201507241045/tools/compiler/bin/../lib/gcc/arm-none-eabi/4.9.3/../../../../arm-none-eabi/lib/armv7e-m\libc.a(lib_a-errno.o)
                              src/syscalls.o (__errno)
c:/program files (x86)/eclipse/plugins/fr.ac6.mcu.externaltools.arm-none.win32_1.3.0.201507241045/tools/compiler/bin/../lib/gcc/arm-none-eabi/4.9.3/../../../../arm-none-eabi/lib/armv7e-m\libc.a(lib_a-exit.o)
                              c:/program files (x86)/eclipse/plugins/fr.ac6.mcu.externaltools.arm-none.win32_1.3.0.201507241045/tools/compiler/bin/../lib/gcc/arm-none-eabi/4.9.3/../../../../arm-none-eabi/lib/armv7e-m/crt0.o (exit)
c:/program files (x86)/eclipse/plugins/fr.ac6.mcu.externaltools.arm-none.win32_1.3.0.201507241045/tools/compiler/bin/../lib/gcc/arm-none-eabi/4.9.3/../../../../arm-none-eabi/lib/armv7e-m\libc.a(lib_a-impure.o)
                              c:/program files (x86)/eclipse/plugins/fr.ac6.mcu.externaltools.arm-none.win32_1.3.0.201507241045/tools/compiler/bin/../lib/gcc/arm-none-eabi/4.9.3/../../../../arm-none-eabi/lib/armv7e-m\libc.a(lib_a-exit.o) (_global_impure_ptr)
c:/program files (x86)/eclipse/plugins/fr.ac6.mcu.externaltools.arm-none.win32_1.3.0.201507241045/tools/compiler/bin/../lib/gcc/arm-none-eabi/4.9.3/../../../../arm-none-eabi/lib/armv7e-m\libc.a(lib_a-init.o)
                              c:/program files (x86)/eclipse/plugins/fr.ac6.mcu.externaltools.arm-none.win32_1.3.0.201507241045/tools/compiler/bin/../lib/gcc/arm-none-eabi/4.9.3/../../../../arm-none-eabi/lib/armv7e-m/crt0.o (__libc_init_array)
c:/program files (x86)/eclipse/plugins/fr.ac6.mcu.externaltools.arm-none.win32_1.3.0.201507241045/tools/compiler/bin/../lib/gcc/arm-none-eabi/4.9.3/../../../../arm-none-eabi/lib/armv7e-m\libc.a(lib_a-memset.o)
                              c:/program files (x86)/eclipse/plugins/fr.ac6.mcu.externaltools.arm-none.win32_1.3.0.201507241045/tools/compiler/bin/../lib/gcc/arm-none-eabi/4.9.3/../../../../arm-none-eabi/lib/armv7e-m/crt0.o (memset)
c:/program files (x86)/eclipse/plugins/fr.ac6.mcu.externaltools.arm-none.win32_1.3.0.201507241045/tools/compiler/bin/../lib/gcc/arm-none-eabi/4.9.3/../../../../arm-none-eabi/lib/armv7e-m\libc.a(lib_a-__call_atexit.o)
                              c:/program files (x86)/eclipse/plugins/fr.ac6.mcu.externaltools.arm-none.win32_1.3.0.201507241045/tools/compiler/bin/../lib/gcc/arm-none-eabi/4.9.3/../../../../arm-none-eabi/lib/armv7e-m\libc.a(lib_a-exit.o) (__call_exitprocs)
c:/program files (x86)/eclipse/plugins/fr.ac6.mcu.externaltools.arm-none.win32_1.3.0.201507241045/tools/compiler/bin/../lib/gcc/arm-none-eabi/4.9.3/../../../../arm-none-eabi/lib/armv7e-m\libc.a(lib_a-atexit.o)
                              c:/program files (x86)/eclipse/plugins/fr.ac6.mcu.externaltools.arm-none.win32_1.3.0.201507241045/tools/compiler/bin/../lib/gcc/arm-none-eabi/4.9.3/../../../../arm-none-eabi/lib/armv7e-m\libc.a(lib_a-__call_atexit.o) (atexit)
c:/program files (x86)/eclipse/plugins/fr.ac6.mcu.externaltools.arm-none.win32_1.3.0.201507241045/tools/compiler/bin/../lib/gcc/arm-none-eabi/4.9.3/../../../../arm-none-eabi/lib/armv7e-m\libc.a(lib_a-fini.o)
                              c:/program files (x86)/eclipse/plugins/fr.ac6.mcu.externaltools.arm-none.win32_1.3.0.201507241045/tools/compiler/bin/../lib/gcc/arm-none-eabi/4.9.3/../../../../arm-none-eabi/lib/armv7e-m\libc.a(lib_a-__call_atexit.o) (__libc_fini_array)
c:/program files (x86)/eclipse/plugins/fr.ac6.mcu.externaltools.arm-none.win32_1.3.0.201507241045/tools/compiler/bin/../lib/gcc/arm-none-eabi/4.9.3/../../../../arm-none-eabi/lib/armv7e-m\libc.a(lib_a-__atexit.o)
                              c:/program files (x86)/eclipse/plugins/fr.ac6.mcu.externaltools.arm-none.win32_1.3.0.201507241045/tools/compiler/bin/../lib/gcc/arm-none-eabi/4.9.3/../../../../arm-none-eabi/lib/armv7e-m\libc.a(lib_a-atexit.o) (__register_exitproc)

Allocating common symbols
Common symbol       size              file

GPIO_InitStructure  0x8               src/main.o

Discarded input sections

 .text          0x00000000        0x0 c:/program files (x86)/eclipse/plugins/fr.ac6.mcu.externaltools.arm-none.win32_1.3.0.201507241045/tools/compiler/bin/../lib/gcc/arm-none-eabi/4.9.3/armv7e-m/crti.o
 .data          0x00000000        0x0 c:/program files (x86)/eclipse/plugins/fr.ac6.mcu.externaltools.arm-none.win32_1.3.0.201507241045/tools/compiler/bin/../lib/gcc/arm-none-eabi/4.9.3/armv7e-m/crti.o
 .bss           0x00000000        0x0 c:/program files (x86)/eclipse/plugins/fr.ac6.mcu.externaltools.arm-none.win32_1.3.0.201507241045/tools/compiler/bin/../lib/gcc/arm-none-eabi/4.9.3/armv7e-m/crti.o
 .data          0x00000000        0x4 c:/program files (x86)/eclipse/plugins/fr.ac6.mcu.externaltools.arm-none.win32_1.3.0.201507241045/tools/compiler/bin/../lib/gcc/arm-none-eabi/4.9.3/armv7e-m/crtbegin.o
 .text          0x00000000       0x74 c:/program files (x86)/eclipse/plugins/fr.ac6.mcu.externaltools.arm-none.win32_1.3.0.201507241045/tools/compiler/bin/../lib/gcc/arm-none-eabi/4.9.3/../../../../arm-none-eabi/lib/armv7e-m/crt0.o
 .data          0x00000000        0x0 c:/program files (x86)/eclipse/plugins/fr.ac6.mcu.externaltools.arm-none.win32_1.3.0.201507241045/tools/compiler/bin/../lib/gcc/arm-none-eabi/4.9.3/../../../../arm-none-eabi/lib/armv7e-m/crt0.o
 .bss           0x00000000        0x0 c:/program files (x86)/eclipse/plugins/fr.ac6.mcu.externaltools.arm-none.win32_1.3.0.201507241045/tools/compiler/bin/../lib/gcc/arm-none-eabi/4.9.3/../../../../arm-none-eabi/lib/armv7e-m/crt0.o
 .ARM.extab     0x00000000        0x0 c:/program files (x86)/eclipse/plugins/fr.ac6.mcu.externaltools.arm-none.win32_1.3.0.201507241045/tools/compiler/bin/../lib/gcc/arm-none-eabi/4.9.3/../../../../arm-none-eabi/lib/armv7e-m/crt0.o
 .ARM.exidx     0x00000000        0x8 c:/program files (x86)/eclipse/plugins/fr.ac6.mcu.externaltools.arm-none.win32_1.3.0.201507241045/tools/compiler/bin/../lib/gcc/arm-none-eabi/4.9.3/../../../../arm-none-eabi/lib/armv7e-m/crt0.o
 .ARM.attributes
                0x00000000       0x1c c:/program files (x86)/eclipse/plugins/fr.ac6.mcu.externaltools.arm-none.win32_1.3.0.201507241045/tools/compiler/bin/../lib/gcc/arm-none-eabi/4.9.3/../../../../arm-none-eabi/lib/armv7e-m/crt0.o
 .group         0x00000000        0x8 src/main.o
 .group         0x00000000        0x8 src/main.o
 .group         0x00000000        0x8 src/main.o
 .group         0x00000000        0x8 src/main.o
 .group         0x00000000        0x8 src/main.o
 .group         0x00000000        0x8 src/main.o
 .group         0x00000000        0x8 src/main.o
 .group         0x00000000        0x8 src/main.o
 .group         0x00000000        0x8 src/main.o
 .group         0x00000000        0x8 src/main.o
 .group         0x00000000        0x8 src/main.o
 .group         0x00000000        0x8 src/main.o
 .group         0x00000000        0x8 src/main.o
 .group         0x00000000        0x8 src/main.o
 .group         0x00000000        0x8 src/main.o
 .group         0x00000000        0x8 src/main.o
 .group         0x00000000        0x8 src/main.o
 .group         0x00000000        0x8 src/main.o
 .group         0x00000000        0x8 src/main.o
 .group         0x00000000        0x8 src/main.o
 .group         0x00000000        0x8 src/main.o
 .group         0x00000000        0x8 src/main.o
 .group         0x00000000        0x8 src/main.o
 .group         0x00000000        0x8 src/main.o
 .group         0x00000000        0x8 src/main.o
 .group         0x00000000        0x8 src/main.o
 .group         0x00000000        0x8 src/main.o
 .group         0x00000000        0x8 src/main.o
 .group         0x00000000        0x8 src/main.o
 .group         0x00000000        0x8 src/main.o
 .group         0x00000000        0x8 src/main.o
 .group         0x00000000        0x8 src/main.o
 .group         0x00000000        0x8 src/main.o
 .group         0x00000000        0x8 src/main.o
 .group         0x00000000        0x8 src/main.o
 .text          0x00000000        0x0 src/main.o
 .data          0x00000000        0x0 src/main.o
 .text.Delay    0x00000000       0x28 src/main.o
 COMMON         0x00000000        0x8 src/main.o
 .group         0x00000000        0x8 src/stm32f30x_it.o
 .group         0x00000000        0x8 src/stm32f30x_it.o
 .group         0x00000000        0x8 src/stm32f30x_it.o
 .group         0x00000000        0x8 src/stm32f30x_it.o
 .group         0x00000000        0x8 src/stm32f30x_it.o
 .group         0x00000000        0x8 src/stm32f30x_it.o
 .group         0x00000000        0x8 src/stm32f30x_it.o
 .group         0x00000000        0x8 src/stm32f30x_it.o
 .group         0x00000000        0x8 src/stm32f30x_it.o
 .group         0x00000000        0x8 src/stm32f30x_it.o
 .group         0x00000000        0x8 src/stm32f30x_it.o
 .group         0x00000000        0x8 src/stm32f30x_it.o
 .group         0x00000000        0x8 src/stm32f30x_it.o
 .group         0x00000000        0x8 src/stm32f30x_it.o
 .group         0x00000000        0x8 src/stm32f30x_it.o
 .group         0x00000000        0x8 src/stm32f30x_it.o
 .group         0x00000000        0x8 src/stm32f30x_it.o
 .group         0x00000000        0x8 src/stm32f30x_it.o
 .group         0x00000000        0x8 src/stm32f30x_it.o
 .group         0x00000000        0x8 src/stm32f30x_it.o
 .group         0x00000000        0x8 src/stm32f30x_it.o
 .group         0x00000000        0x8 src/stm32f30x_it.o
 .group         0x00000000        0x8 src/stm32f30x_it.o
 .group         0x00000000        0x8 src/stm32f30x_it.o
 .group         0x00000000        0x8 src/stm32f30x_it.o
 .group         0x00000000        0x8 src/stm32f30x_it.o
 .group         0x00000000        0x8 src/stm32f30x_it.o
 .group         0x00000000        0x8 src/stm32f30x_it.o
 .group         0x00000000        0x8 src/stm32f30x_it.o
 .group         0x00000000        0x8 src/stm32f30x_it.o
 .group         0x00000000        0x8 src/stm32f30x_it.o
 .group         0x00000000        0x8 src/stm32f30x_it.o
 .group         0x00000000        0x8 src/stm32f30x_it.o
 .group         0x00000000        0x8 src/stm32f30x_it.o
 .group         0x00000000        0x8 src/stm32f30x_it.o
 .text          0x00000000        0x0 src/stm32f30x_it.o
 .data          0x00000000        0x0 src/stm32f30x_it.o
 .bss           0x00000000        0x0 src/stm32f30x_it.o
 .debug_macro   0x00000000      0x892 src/stm32f30x_it.o
 .debug_macro   0x00000000       0x7a src/stm32f30x_it.o
 .debug_macro   0x00000000       0x3b src/stm32f30x_it.o
 .debug_macro   0x00000000       0x22 src/stm32f30x_it.o
 .debug_macro   0x00000000       0x44 src/stm32f30x_it.o
 .debug_macro   0x00000000       0x1c src/stm32f30x_it.o
 .debug_macro   0x00000000      0x1f7 src/stm32f30x_it.o
 .debug_macro   0x00000000       0x18 src/stm32f30x_it.o
 .debug_macro   0x00000000       0x42 src/stm32f30x_it.o
 .debug_macro   0x00000000      0xc91 src/stm32f30x_it.o
 .debug_macro   0x00000000     0x769b src/stm32f30x_it.o
 .debug_macro   0x00000000      0x521 src/stm32f30x_it.o
 .debug_macro   0x00000000      0x3cf src/stm32f30x_it.o
 .debug_macro   0x00000000       0x46 src/stm32f30x_it.o
 .debug_macro   0x00000000      0x231 src/stm32f30x_it.o
 .debug_macro   0x00000000      0x196 src/stm32f30x_it.o
 .debug_macro   0x00000000       0x8e src/stm32f30x_it.o
 .debug_macro   0x00000000      0x3a8 src/stm32f30x_it.o
 .debug_macro   0x00000000      0x114 src/stm32f30x_it.o
 .debug_macro   0x00000000      0x1e4 src/stm32f30x_it.o
 .debug_macro   0x00000000      0x1a1 src/stm32f30x_it.o
 .debug_macro   0x00000000      0x1df src/stm32f30x_it.o
 .debug_macro   0x00000000      0x29a src/stm32f30x_it.o
 .debug_macro   0x00000000       0x70 src/stm32f30x_it.o
 .debug_macro   0x00000000      0x10c src/stm32f30x_it.o
 .debug_macro   0x00000000       0xb8 src/stm32f30x_it.o
 .debug_macro   0x00000000      0x5c6 src/stm32f30x_it.o
 .debug_macro   0x00000000      0x551 src/stm32f30x_it.o
 .debug_macro   0x00000000      0x3ab src/stm32f30x_it.o
 .debug_macro   0x00000000      0x8d8 src/stm32f30x_it.o
 .debug_macro   0x00000000      0x364 src/stm32f30x_it.o
 .debug_macro   0x00000000       0x34 src/stm32f30x_it.o
 .debug_macro   0x00000000       0x89 src/stm32f30x_it.o
 .debug_macro   0x00000000       0x35 src/stm32f30x_it.o
 .debug_macro   0x00000000       0xd8 src/stm32f30x_it.o
 .group         0x00000000        0x8 src/syscalls.o
 .group         0x00000000        0x8 src/syscalls.o
 .group         0x00000000        0x8 src/syscalls.o
 .group         0x00000000        0x8 src/syscalls.o
 .group         0x00000000        0x8 src/syscalls.o
 .group         0x00000000        0x8 src/syscalls.o
 .group         0x00000000        0x8 src/syscalls.o
 .group         0x00000000        0x8 src/syscalls.o
 .group         0x00000000        0x8 src/syscalls.o
 .group         0x00000000        0x8 src/syscalls.o
 .group         0x00000000        0x8 src/syscalls.o
 .group         0x00000000        0x8 src/syscalls.o
 .group         0x00000000        0x8 src/syscalls.o
 .group         0x00000000        0x8 src/syscalls.o
 .group         0x00000000        0x8 src/syscalls.o
 .group         0x00000000        0x8 src/syscalls.o
 .group         0x00000000        0x8 src/syscalls.o
 .group         0x00000000        0x8 src/syscalls.o
 .group         0x00000000        0x8 src/syscalls.o
 .group         0x00000000        0x8 src/syscalls.o
 .group         0x00000000        0x8 src/syscalls.o
 .group         0x00000000        0x8 src/syscalls.o
 .group         0x00000000        0x8 src/syscalls.o
 .group         0x00000000        0x8 src/syscalls.o
 .group         0x00000000        0x8 src/syscalls.o
 .group         0x00000000        0x8 src/syscalls.o
 .group         0x00000000        0x8 src/syscalls.o
 .group         0x00000000        0x8 src/syscalls.o
 .group         0x00000000        0x8 src/syscalls.o
 .group         0x00000000        0x8 src/syscalls.o
 .group         0x00000000        0x8 src/syscalls.o
 .group         0x00000000        0x8 src/syscalls.o
 .group         0x00000000        0x8 src/syscalls.o
 .text          0x00000000        0x0 src/syscalls.o
 .data          0x00000000        0x4 src/syscalls.o
 .bss           0x00000000        0x8 src/syscalls.o
 .text.initialise_monitor_handles
                0x00000000        0xc src/syscalls.o
 .text._getpid  0x00000000       0x10 src/syscalls.o
 .text._kill    0x00000000       0x20 src/syscalls.o
 .text._exit    0x00000000       0x14 src/syscalls.o
 .text._read    0x00000000       0x3c src/syscalls.o
 .text._write   0x00000000       0x38 src/syscalls.o
 .text._sbrk    0x00000000       0x58 src/syscalls.o
 .text._close   0x00000000       0x18 src/syscalls.o
 .text._fstat   0x00000000       0x20 src/syscalls.o
 .text._isatty  0x00000000       0x18 src/syscalls.o
 .text._lseek   0x00000000       0x1c src/syscalls.o
 .text._open    0x00000000       0x1c src/syscalls.o
 .text._wait    0x00000000       0x20 src/syscalls.o
 .text._unlink  0x00000000       0x20 src/syscalls.o
 .text._times   0x00000000       0x18 src/syscalls.o
 .text._stat    0x00000000       0x20 src/syscalls.o
 .text._link    0x00000000       0x20 src/syscalls.o
 .text._fork    0x00000000       0x18 src/syscalls.o
 .text._execve  0x00000000       0x24 src/syscalls.o
 .debug_info    0x00000000      0x660 src/syscalls.o
 .debug_abbrev  0x00000000      0x174 src/syscalls.o
 .debug_aranges
                0x00000000       0xb0 src/syscalls.o
 .debug_ranges  0x00000000       0xa0 src/syscalls.o
 .debug_macro   0x00000000      0x1a3 src/syscalls.o
 .debug_macro   0x00000000      0x892 src/syscalls.o
 .debug_macro   0x00000000       0x58 src/syscalls.o
 .debug_macro   0x00000000       0x22 src/syscalls.o
 .debug_macro   0x00000000       0x35 src/syscalls.o
 .debug_macro   0x00000000       0x9c src/syscalls.o
 .debug_macro   0x00000000      0x166 src/syscalls.o
 .debug_macro   0x00000000       0x4a src/syscalls.o
 .debug_macro   0x00000000       0x52 src/syscalls.o
 .debug_macro   0x00000000       0x16 src/syscalls.o
 .debug_macro   0x00000000       0x43 src/syscalls.o
 .debug_macro   0x00000000      0x180 src/syscalls.o
 .debug_macro   0x00000000       0x10 src/syscalls.o
 .debug_macro   0x00000000       0x35 src/syscalls.o
 .debug_macro   0x00000000       0x10 src/syscalls.o
 .debug_macro   0x00000000       0x10 src/syscalls.o
 .debug_macro   0x00000000       0x10 src/syscalls.o
 .debug_macro   0x00000000       0x22 src/syscalls.o
 .debug_macro   0x00000000       0xbd src/syscalls.o
 .debug_macro   0x00000000       0x35 src/syscalls.o
 .debug_macro   0x00000000      0x29d src/syscalls.o
 .debug_macro   0x00000000      0x121 src/syscalls.o
 .debug_macro   0x00000000       0x16 src/syscalls.o
 .debug_macro   0x00000000       0x16 src/syscalls.o
 .debug_macro   0x00000000       0x29 src/syscalls.o
 .debug_macro   0x00000000       0x10 src/syscalls.o
 .debug_macro   0x00000000      0x241 src/syscalls.o
 .debug_macro   0x00000000       0x1c src/syscalls.o
 .debug_macro   0x00000000       0x10 src/syscalls.o
 .debug_macro   0x00000000       0x16 src/syscalls.o
 .debug_macro   0x00000000      0x196 src/syscalls.o
 .debug_macro   0x00000000      0x13e src/syscalls.o
 .debug_macro   0x00000000       0x16 src/syscalls.o
 .debug_macro   0x00000000       0x22 src/syscalls.o
 .debug_line    0x00000000      0x546 src/syscalls.o
 .debug_str     0x00000000     0x674f src/syscalls.o
 .comment       0x00000000       0x71 src/syscalls.o
 .debug_frame   0x00000000      0x2d4 src/syscalls.o
 .ARM.attributes
                0x00000000       0x33 src/syscalls.o
 .group         0x00000000        0x8 src/system_stm32f30x.o
 .group         0x00000000        0x8 src/system_stm32f30x.o
 .group         0x00000000        0x8 src/system_stm32f30x.o
 .group         0x00000000        0x8 src/system_stm32f30x.o
 .group         0x00000000        0x8 src/system_stm32f30x.o
 .group         0x00000000        0x8 src/system_stm32f30x.o
 .group         0x00000000        0x8 src/system_stm32f30x.o
 .group         0x00000000        0x8 src/system_stm32f30x.o
 .group         0x00000000        0x8 src/system_stm32f30x.o
 .group         0x00000000        0x8 src/system_stm32f30x.o
 .group         0x00000000        0x8 src/system_stm32f30x.o
 .group         0x00000000        0x8 src/system_stm32f30x.o
 .group         0x00000000        0x8 src/system_stm32f30x.o
 .group         0x00000000        0x8 src/system_stm32f30x.o
 .group         0x00000000        0x8 src/system_stm32f30x.o
 .group         0x00000000        0x8 src/system_stm32f30x.o
 .group         0x00000000        0x8 src/system_stm32f30x.o
 .group         0x00000000        0x8 src/system_stm32f30x.o
 .group         0x00000000        0x8 src/system_stm32f30x.o
 .group         0x00000000        0x8 src/system_stm32f30x.o
 .group         0x00000000        0x8 src/system_stm32f30x.o
 .group         0x00000000        0x8 src/system_stm32f30x.o
 .group         0x00000000        0x8 src/system_stm32f30x.o
 .group         0x00000000        0x8 src/system_stm32f30x.o
 .group         0x00000000        0x8 src/system_stm32f30x.o
 .group         0x00000000        0x8 src/system_stm32f30x.o
 .group         0x00000000        0x8 src/system_stm32f30x.o
 .group         0x00000000        0x8 src/system_stm32f30x.o
 .group         0x00000000        0x8 src/system_stm32f30x.o
 .group         0x00000000        0x8 src/system_stm32f30x.o
 .group         0x00000000        0x8 src/system_stm32f30x.o
 .group         0x00000000        0x8 src/system_stm32f30x.o
 .group         0x00000000        0x8 src/system_stm32f30x.o
 .group         0x00000000        0x8 src/system_stm32f30x.o
 .text          0x00000000        0x0 src/system_stm32f30x.o
 .data          0x00000000       0x14 src/system_stm32f30x.o
 .bss           0x00000000        0x0 src/system_stm32f30x.o
 .text.SystemCoreClockUpdate
                0x00000000       0xd4 src/system_stm32f30x.o
 .debug_macro   0x00000000      0x892 src/system_stm32f30x.o
 .debug_macro   0x00000000       0x7a src/system_stm32f30x.o
 .debug_macro   0x00000000       0x3b src/system_stm32f30x.o
 .debug_macro   0x00000000       0x22 src/system_stm32f30x.o
 .debug_macro   0x00000000       0x44 src/system_stm32f30x.o
 .debug_macro   0x00000000       0x1c src/system_stm32f30x.o
 .debug_macro   0x00000000      0x1f7 src/system_stm32f30x.o
 .debug_macro   0x00000000       0x18 src/system_stm32f30x.o
 .debug_macro   0x00000000       0x42 src/system_stm32f30x.o
 .debug_macro   0x00000000      0xc91 src/system_stm32f30x.o
 .debug_macro   0x00000000     0x769b src/system_stm32f30x.o
 .debug_macro   0x00000000      0x521 src/system_stm32f30x.o
 .debug_macro   0x00000000      0x3cf src/system_stm32f30x.o
 .debug_macro   0x00000000       0x46 src/system_stm32f30x.o
 .debug_macro   0x00000000      0x231 src/system_stm32f30x.o
 .debug_macro   0x00000000      0x196 src/system_stm32f30x.o
 .debug_macro   0x00000000       0x8e src/system_stm32f30x.o
 .debug_macro   0x00000000      0x3a8 src/system_stm32f30x.o
 .debug_macro   0x00000000      0x114 src/system_stm32f30x.o
 .debug_macro   0x00000000      0x1e4 src/system_stm32f30x.o
 .debug_macro   0x00000000      0x1a1 src/system_stm32f30x.o
 .debug_macro   0x00000000      0x1df src/system_stm32f30x.o
 .debug_macro   0x00000000      0x29a src/system_stm32f30x.o
 .debug_macro   0x00000000       0x70 src/system_stm32f30x.o
 .debug_macro   0x00000000      0x10c src/system_stm32f30x.o
 .debug_macro   0x00000000       0xb8 src/system_stm32f30x.o
 .debug_macro   0x00000000      0x5c6 src/system_stm32f30x.o
 .debug_macro   0x00000000      0x551 src/system_stm32f30x.o
 .debug_macro   0x00000000      0x3ab src/system_stm32f30x.o
 .debug_macro   0x00000000      0x8d8 src/system_stm32f30x.o
 .debug_macro   0x00000000      0x364 src/system_stm32f30x.o
 .debug_macro   0x00000000       0x34 src/system_stm32f30x.o
 .debug_macro   0x00000000       0x89 src/system_stm32f30x.o
 .debug_macro   0x00000000       0x35 src/system_stm32f30x.o
 .text          0x00000000       0x14 startup/startup_stm32f30x.o
 .data          0x00000000        0x0 startup/startup_stm32f30x.o
 .bss           0x00000000        0x0 startup/startup_stm32f30x.o
 .text          0x00000000        0x0 c:/program files (x86)/eclipse/plugins/fr.ac6.mcu.externaltools.arm-none.win32_1.3.0.201507241045/tools/compiler/bin/../lib/gcc/arm-none-eabi/4.9.3/../../../../arm-none-eabi/lib/armv7e-m\libc.a(lib_a-errno.o)
 .data          0x00000000        0x0 c:/program files (x86)/eclipse/plugins/fr.ac6.mcu.externaltools.arm-none.win32_1.3.0.201507241045/tools/compiler/bin/../lib/gcc/arm-none-eabi/4.9.3/../../../../arm-none-eabi/lib/armv7e-m\libc.a(lib_a-errno.o)
 .bss           0x00000000        0x0 c:/program files (x86)/eclipse/plugins/fr.ac6.mcu.externaltools.arm-none.win32_1.3.0.201507241045/tools/compiler/bin/../lib/gcc/arm-none-eabi/4.9.3/../../../../arm-none-eabi/lib/armv7e-m\libc.a(lib_a-errno.o)
 .text.__errno  0x00000000        0xc c:/program files (x86)/eclipse/plugins/fr.ac6.mcu.externaltools.arm-none.win32_1.3.0.201507241045/tools/compiler/bin/../lib/gcc/arm-none-eabi/4.9.3/../../../../arm-none-eabi/lib/armv7e-m\libc.a(lib_a-errno.o)
 .debug_frame   0x00000000       0x20 c:/program files (x86)/eclipse/plugins/fr.ac6.mcu.externaltools.arm-none.win32_1.3.0.201507241045/tools/compiler/bin/../lib/gcc/arm-none-eabi/4.9.3/../../../../arm-none-eabi/lib/armv7e-m\libc.a(lib_a-errno.o)
 .ARM.attributes
                0x00000000       0x2e c:/program files (x86)/eclipse/plugins/fr.ac6.mcu.externaltools.arm-none.win32_1.3.0.201507241045/tools/compiler/bin/../lib/gcc/arm-none-eabi/4.9.3/../../../../arm-none-eabi/lib/armv7e-m\libc.a(lib_a-errno.o)
 .text          0x00000000        0x0 c:/program files (x86)/eclipse/plugins/fr.ac6.mcu.externaltools.arm-none.win32_1.3.0.201507241045/tools/compiler/bin/../lib/gcc/arm-none-eabi/4.9.3/../../../../arm-none-eabi/lib/armv7e-m\libc.a(lib_a-exit.o)
 .data          0x00000000        0x0 c:/program files (x86)/eclipse/plugins/fr.ac6.mcu.externaltools.arm-none.win32_1.3.0.201507241045/tools/compiler/bin/../lib/gcc/arm-none-eabi/4.9.3/../../../../arm-none-eabi/lib/armv7e-m\libc.a(lib_a-exit.o)
 .bss           0x00000000        0x0 c:/program files (x86)/eclipse/plugins/fr.ac6.mcu.externaltools.arm-none.win32_1.3.0.201507241045/tools/compiler/bin/../lib/gcc/arm-none-eabi/4.9.3/../../../../arm-none-eabi/lib/armv7e-m\libc.a(lib_a-exit.o)
 .text.exit     0x00000000       0x20 c:/program files (x86)/eclipse/plugins/fr.ac6.mcu.externaltools.arm-none.win32_1.3.0.201507241045/tools/compiler/bin/../lib/gcc/arm-none-eabi/4.9.3/../../../../arm-none-eabi/lib/armv7e-m\libc.a(lib_a-exit.o)
 .debug_frame   0x00000000       0x28 c:/program files (x86)/eclipse/plugins/fr.ac6.mcu.externaltools.arm-none.win32_1.3.0.201507241045/tools/compiler/bin/../lib/gcc/arm-none-eabi/4.9.3/../../../../arm-none-eabi/lib/armv7e-m\libc.a(lib_a-exit.o)
 .ARM.attributes
                0x00000000       0x2e c:/program files (x86)/eclipse/plugins/fr.ac6.mcu.externaltools.arm-none.win32_1.3.0.201507241045/tools/compiler/bin/../lib/gcc/arm-none-eabi/4.9.3/../../../../arm-none-eabi/lib/armv7e-m\libc.a(lib_a-exit.o)
 .text          0x00000000        0x0 c:/program files (x86)/eclipse/plugins/fr.ac6.mcu.externaltools.arm-none.win32_1.3.0.201507241045/tools/compiler/bin/../lib/gcc/arm-none-eabi/4.9.3/../../../../arm-none-eabi/lib/armv7e-m\libc.a(lib_a-impure.o)
 .data          0x00000000        0x0 c:/program files (x86)/eclipse/plugins/fr.ac6.mcu.externaltools.arm-none.win32_1.3.0.201507241045/tools/compiler/bin/../lib/gcc/arm-none-eabi/4.9.3/../../../../arm-none-eabi/lib/armv7e-m\libc.a(lib_a-impure.o)
 .bss           0x00000000        0x0 c:/program files (x86)/eclipse/plugins/fr.ac6.mcu.externaltools.arm-none.win32_1.3.0.201507241045/tools/compiler/bin/../lib/gcc/arm-none-eabi/4.9.3/../../../../arm-none-eabi/lib/armv7e-m\libc.a(lib_a-impure.o)
 .data._impure_ptr
                0x00000000        0x4 c:/program files (x86)/eclipse/plugins/fr.ac6.mcu.externaltools.arm-none.win32_1.3.0.201507241045/tools/compiler/bin/../lib/gcc/arm-none-eabi/4.9.3/../../../../arm-none-eabi/lib/armv7e-m\libc.a(lib_a-impure.o)
 .text          0x00000000        0x0 c:/program files (x86)/eclipse/plugins/fr.ac6.mcu.externaltools.arm-none.win32_1.3.0.201507241045/tools/compiler/bin/../lib/gcc/arm-none-eabi/4.9.3/../../../../arm-none-eabi/lib/armv7e-m\libc.a(lib_a-init.o)
 .data          0x00000000        0x0 c:/program files (x86)/eclipse/plugins/fr.ac6.mcu.externaltools.arm-none.win32_1.3.0.201507241045/tools/compiler/bin/../lib/gcc/arm-none-eabi/4.9.3/../../../../arm-none-eabi/lib/armv7e-m\libc.a(lib_a-init.o)
 .bss           0x00000000        0x0 c:/program files (x86)/eclipse/plugins/fr.ac6.mcu.externaltools.arm-none.win32_1.3.0.201507241045/tools/compiler/bin/../lib/gcc/arm-none-eabi/4.9.3/../../../../arm-none-eabi/lib/armv7e-m\libc.a(lib_a-init.o)
 .text          0x00000000        0x0 c:/program files (x86)/eclipse/plugins/fr.ac6.mcu.externaltools.arm-none.win32_1.3.0.201507241045/tools/compiler/bin/../lib/gcc/arm-none-eabi/4.9.3/../../../../arm-none-eabi/lib/armv7e-m\libc.a(lib_a-memset.o)
 .data          0x00000000        0x0 c:/program files (x86)/eclipse/plugins/fr.ac6.mcu.externaltools.arm-none.win32_1.3.0.201507241045/tools/compiler/bin/../lib/gcc/arm-none-eabi/4.9.3/../../../../arm-none-eabi/lib/armv7e-m\libc.a(lib_a-memset.o)
 .bss           0x00000000        0x0 c:/program files (x86)/eclipse/plugins/fr.ac6.mcu.externaltools.arm-none.win32_1.3.0.201507241045/tools/compiler/bin/../lib/gcc/arm-none-eabi/4.9.3/../../../../arm-none-eabi/lib/armv7e-m\libc.a(lib_a-memset.o)
 .text.memset   0x00000000       0x9c c:/program files (x86)/eclipse/plugins/fr.ac6.mcu.externaltools.arm-none.win32_1.3.0.201507241045/tools/compiler/bin/../lib/gcc/arm-none-eabi/4.9.3/../../../../arm-none-eabi/lib/armv7e-m\libc.a(lib_a-memset.o)
 .debug_frame   0x00000000       0x34 c:/program files (x86)/eclipse/plugins/fr.ac6.mcu.externaltools.arm-none.win32_1.3.0.201507241045/tools/compiler/bin/../lib/gcc/arm-none-eabi/4.9.3/../../../../arm-none-eabi/lib/armv7e-m\libc.a(lib_a-memset.o)
 .ARM.attributes
                0x00000000       0x2e c:/program files (x86)/eclipse/plugins/fr.ac6.mcu.externaltools.arm-none.win32_1.3.0.201507241045/tools/compiler/bin/../lib/gcc/arm-none-eabi/4.9.3/../../../../arm-none-eabi/lib/armv7e-m\libc.a(lib_a-memset.o)
 .text          0x00000000        0x0 c:/program files (x86)/eclipse/plugins/fr.ac6.mcu.externaltools.arm-none.win32_1.3.0.201507241045/tools/compiler/bin/../lib/gcc/arm-none-eabi/4.9.3/../../../../arm-none-eabi/lib/armv7e-m\libc.a(lib_a-__call_atexit.o)
 .data          0x00000000        0x0 c:/program files (x86)/eclipse/plugins/fr.ac6.mcu.externaltools.arm-none.win32_1.3.0.201507241045/tools/compiler/bin/../lib/gcc/arm-none-eabi/4.9.3/../../../../arm-none-eabi/lib/armv7e-m\libc.a(lib_a-__call_atexit.o)
 .bss           0x00000000        0x0 c:/program files (x86)/eclipse/plugins/fr.ac6.mcu.externaltools.arm-none.win32_1.3.0.201507241045/tools/compiler/bin/../lib/gcc/arm-none-eabi/4.9.3/../../../../arm-none-eabi/lib/armv7e-m\libc.a(lib_a-__call_atexit.o)
 .text.__call_exitprocs
                0x00000000       0xd4 c:/program files (x86)/eclipse/plugins/fr.ac6.mcu.externaltools.arm-none.win32_1.3.0.201507241045/tools/compiler/bin/../lib/gcc/arm-none-eabi/4.9.3/../../../../arm-none-eabi/lib/armv7e-m\libc.a(lib_a-__call_atexit.o)
 .text          0x00000000        0x0 c:/program files (x86)/eclipse/plugins/fr.ac6.mcu.externaltools.arm-none.win32_1.3.0.201507241045/tools/compiler/bin/../lib/gcc/arm-none-eabi/4.9.3/../../../../arm-none-eabi/lib/armv7e-m\libc.a(lib_a-atexit.o)
 .data          0x00000000        0x0 c:/program files (x86)/eclipse/plugins/fr.ac6.mcu.externaltools.arm-none.win32_1.3.0.201507241045/tools/compiler/bin/../lib/gcc/arm-none-eabi/4.9.3/../../../../arm-none-eabi/lib/armv7e-m\libc.a(lib_a-atexit.o)
 .bss           0x00000000        0x0 c:/program files (x86)/eclipse/plugins/fr.ac6.mcu.externaltools.arm-none.win32_1.3.0.201507241045/tools/compiler/bin/../lib/gcc/arm-none-eabi/4.9.3/../../../../arm-none-eabi/lib/armv7e-m\libc.a(lib_a-atexit.o)
 .text          0x00000000        0x0 c:/program files (x86)/eclipse/plugins/fr.ac6.mcu.externaltools.arm-none.win32_1.3.0.201507241045/tools/compiler/bin/../lib/gcc/arm-none-eabi/4.9.3/../../../../arm-none-eabi/lib/armv7e-m\libc.a(lib_a-fini.o)
 .data          0x00000000        0x0 c:/program files (x86)/eclipse/plugins/fr.ac6.mcu.externaltools.arm-none.win32_1.3.0.201507241045/tools/compiler/bin/../lib/gcc/arm-none-eabi/4.9.3/../../../../arm-none-eabi/lib/armv7e-m\libc.a(lib_a-fini.o)
 .bss           0x00000000        0x0 c:/program files (x86)/eclipse/plugins/fr.ac6.mcu.externaltools.arm-none.win32_1.3.0.201507241045/tools/compiler/bin/../lib/gcc/arm-none-eabi/4.9.3/../../../../arm-none-eabi/lib/armv7e-m\libc.a(lib_a-fini.o)
 .text          0x00000000        0x0 c:/program files (x86)/eclipse/plugins/fr.ac6.mcu.externaltools.arm-none.win32_1.3.0.201507241045/tools/compiler/bin/../lib/gcc/arm-none-eabi/4.9.3/../../../../arm-none-eabi/lib/armv7e-m\libc.a(lib_a-__atexit.o)
 .data          0x00000000        0x0 c:/program files (x86)/eclipse/plugins/fr.ac6.mcu.externaltools.arm-none.win32_1.3.0.201507241045/tools/compiler/bin/../lib/gcc/arm-none-eabi/4.9.3/../../../../arm-none-eabi/lib/armv7e-m\libc.a(lib_a-__atexit.o)
 .bss           0x00000000        0x0 c:/program files (x86)/eclipse/plugins/fr.ac6.mcu.externaltools.arm-none.win32_1.3.0.201507241045/tools/compiler/bin/../lib/gcc/arm-none-eabi/4.9.3/../../../../arm-none-eabi/lib/armv7e-m\libc.a(lib_a-__atexit.o)
 .text          0x00000000        0x0 c:/program files (x86)/eclipse/plugins/fr.ac6.mcu.externaltools.arm-none.win32_1.3.0.201507241045/tools/compiler/bin/../lib/gcc/arm-none-eabi/4.9.3/armv7e-m/crtend.o
 .data          0x00000000        0x0 c:/program files (x86)/eclipse/plugins/fr.ac6.mcu.externaltools.arm-none.win32_1.3.0.201507241045/tools/compiler/bin/../lib/gcc/arm-none-eabi/4.9.3/armv7e-m/crtend.o
 .bss           0x00000000        0x0 c:/program files (x86)/eclipse/plugins/fr.ac6.mcu.externaltools.arm-none.win32_1.3.0.201507241045/tools/compiler/bin/../lib/gcc/arm-none-eabi/4.9.3/armv7e-m/crtend.o
 .eh_frame      0x00000000        0x4 c:/program files (x86)/eclipse/plugins/fr.ac6.mcu.externaltools.arm-none.win32_1.3.0.201507241045/tools/compiler/bin/../lib/gcc/arm-none-eabi/4.9.3/armv7e-m/crtend.o
 .jcr           0x00000000        0x4 c:/program files (x86)/eclipse/plugins/fr.ac6.mcu.externaltools.arm-none.win32_1.3.0.201507241045/tools/compiler/bin/../lib/gcc/arm-none-eabi/4.9.3/armv7e-m/crtend.o
 .ARM.attributes
                0x00000000       0x2e c:/program files (x86)/eclipse/plugins/fr.ac6.mcu.externaltools.arm-none.win32_1.3.0.201507241045/tools/compiler/bin/../lib/gcc/arm-none-eabi/4.9.3/armv7e-m/crtend.o
 .text          0x00000000        0x0 c:/program files (x86)/eclipse/plugins/fr.ac6.mcu.externaltools.arm-none.win32_1.3.0.201507241045/tools/compiler/bin/../lib/gcc/arm-none-eabi/4.9.3/armv7e-m/crtn.o
 .data          0x00000000        0x0 c:/program files (x86)/eclipse/plugins/fr.ac6.mcu.externaltools.arm-none.win32_1.3.0.201507241045/tools/compiler/bin/../lib/gcc/arm-none-eabi/4.9.3/armv7e-m/crtn.o
 .bss           0x00000000        0x0 c:/program files (x86)/eclipse/plugins/fr.ac6.mcu.externaltools.arm-none.win32_1.3.0.201507241045/tools/compiler/bin/../lib/gcc/arm-none-eabi/4.9.3/armv7e-m/crtn.o

Memory Configuration

Name             Origin             Length             Attributes
FLASH            0x08000000         0x00040000         xr
RAM              0x20000000         0x0000a000         xrw
CCMRAM           0x10000000         0x00002000         rw
*default*        0x00000000         0xffffffff

Linker script and memory map

LOAD c:/program files (x86)/eclipse/plugins/fr.ac6.mcu.externaltools.arm-none.win32_1.3.0.201507241045/tools/compiler/bin/../lib/gcc/arm-none-eabi/4.9.3/armv7e-m/crti.o
LOAD c:/program files (x86)/eclipse/plugins/fr.ac6.mcu.externaltools.arm-none.win32_1.3.0.201507241045/tools/compiler/bin/../lib/gcc/arm-none-eabi/4.9.3/armv7e-m/crtbegin.o
LOAD c:/program files (x86)/eclipse/plugins/fr.ac6.mcu.externaltools.arm-none.win32_1.3.0.201507241045/tools/compiler/bin/../lib/gcc/arm-none-eabi/4.9.3/../../../../arm-none-eabi/lib/armv7e-m/crt0.o
LOAD src/main.o
LOAD src/stm32f30x_it.o
LOAD src/syscalls.o
LOAD src/system_stm32f30x.o
LOAD startup/startup_stm32f30x.o
LOAD C:\Users\Ivy\workspace\stm32f3discovery_stdperiph_lib\Debug\libstm32f3discovery_stdperiph_lib.a
LOAD c:/program files (x86)/eclipse/plugins/fr.ac6.mcu.externaltools.arm-none.win32_1.3.0.201507241045/tools/compiler/bin/../lib/gcc/arm-none-eabi/4.9.3/../../../../arm-none-eabi/lib/armv7e-m\libstdc++.a
LOAD c:/program files (x86)/eclipse/plugins/fr.ac6.mcu.externaltools.arm-none.win32_1.3.0.201507241045/tools/compiler/bin/../lib/gcc/arm-none-eabi/4.9.3/../../../../arm-none-eabi/lib/armv7e-m\libm.a
START GROUP
LOAD c:/program files (x86)/eclipse/plugins/fr.ac6.mcu.externaltools.arm-none.win32_1.3.0.201507241045/tools/compiler/bin/../lib/gcc/arm-none-eabi/4.9.3/armv7e-m\libgcc.a
LOAD c:/program files (x86)/eclipse/plugins/fr.ac6.mcu.externaltools.arm-none.win32_1.3.0.201507241045/tools/compiler/bin/../lib/gcc/arm-none-eabi/4.9.3/../../../../arm-none-eabi/lib/armv7e-m\libc.a
END GROUP
LOAD c:/program files (x86)/eclipse/plugins/fr.ac6.mcu.externaltools.arm-none.win32_1.3.0.201507241045/tools/compiler/bin/../lib/gcc/arm-none-eabi/4.9.3/armv7e-m/crtend.o
LOAD c:/program files (x86)/eclipse/plugins/fr.ac6.mcu.externaltools.arm-none.win32_1.3.0.201507241045/tools/compiler/bin/../lib/gcc/arm-none-eabi/4.9.3/armv7e-m/crtn.o
                0x2000a000                _estack = 0x2000a000
                0x00000200                _Min_Heap_Size = 0x200
                0x00000400                _Min_Stack_Size = 0x400

.isr_vector     0x08000000      0x188
                0x08000000                . = ALIGN (0x4)
 *(.isr_vector)
 .isr_vector    0x08000000      0x188 startup/startup_stm32f30x.o
                0x08000000                g_pfnVectors
                0x08000188                . = ALIGN (0x4)

.text           0x08000188      0x674
                0x08000188                . = ALIGN (0x4)
 *(.text)
 .text          0x08000188       0x5c c:/program files (x86)/eclipse/plugins/fr.ac6.mcu.externaltools.arm-none.win32_1.3.0.201507241045/tools/compiler/bin/../lib/gcc/arm-none-eabi/4.9.3/armv7e-m/crtbegin.o
 *(.text*)
 .text.main     0x080001e4      0x294 src/main.o
                0x080001e4                main
 .text.TimingDelay_Decrement
                0x08000478       0x24 src/main.o
                0x08000478                TimingDelay_Decrement
 .text.NMI_Handler
                0x0800049c        0xc src/stm32f30x_it.o
                0x0800049c                NMI_Handler
 .text.HardFault_Handler
                0x080004a8        0x8 src/stm32f30x_it.o
                0x080004a8                HardFault_Handler
 .text.MemManage_Handler
                0x080004b0        0x8 src/stm32f30x_it.o
                0x080004b0                MemManage_Handler
 .text.BusFault_Handler
                0x080004b8        0x8 src/stm32f30x_it.o
                0x080004b8                BusFault_Handler
 .text.UsageFault_Handler
                0x080004c0        0x8 src/stm32f30x_it.o
                0x080004c0                UsageFault_Handler
 .text.SVC_Handler
                0x080004c8        0xc src/stm32f30x_it.o
                0x080004c8                SVC_Handler
 .text.DebugMon_Handler
                0x080004d4        0xc src/stm32f30x_it.o
                0x080004d4                DebugMon_Handler
 .text.PendSV_Handler
                0x080004e0        0xc src/stm32f30x_it.o
                0x080004e0                PendSV_Handler
 .text.SysTick_Handler
                0x080004ec        0xc src/stm32f30x_it.o
                0x080004ec                SysTick_Handler
 .text.SystemInit
                0x080004f8       0x80 src/system_stm32f30x.o
                0x080004f8                SystemInit
 .text.SetSysClock
                0x08000578       0xe0 src/system_stm32f30x.o
 .text.Reset_Handler
                0x08000658       0x48 startup/startup_stm32f30x.o
                0x08000658                Reset_Handler
 .text.Default_Handler
                0x080006a0        0x2 startup/startup_stm32f30x.o
                0x080006a0                RTC_Alarm_IRQHandler
                0x080006a0                TIM8_TRG_COM_IRQHandler
                0x080006a0                TIM8_CC_IRQHandler
                0x080006a0                TIM1_CC_IRQHandler
                0x080006a0                USB_HP_IRQHandler
                0x080006a0                PVD_IRQHandler
                0x080006a0                EXTI3_IRQHandler
                0x080006a0                EXTI0_IRQHandler
                0x080006a0                I2C2_EV_IRQHandler
                0x080006a0                FPU_IRQHandler
                0x080006a0                EXTI2_TS_IRQHandler
                0x080006a0                TIM1_UP_TIM16_IRQHandler
                0x080006a0                ADC1_2_IRQHandler
                0x080006a0                SPI1_IRQHandler
                0x080006a0                TIM6_DAC_IRQHandler
                0x080006a0                TIM8_UP_IRQHandler
                0x080006a0                DMA2_Channel2_IRQHandler
                0x080006a0                DMA1_Channel4_IRQHandler
                0x080006a0                USART3_IRQHandler
                0x080006a0                DMA1_Channel7_IRQHandler
                0x080006a0                CAN1_RX1_IRQHandler
                0x080006a0                UART5_IRQHandler
                0x080006a0                ADC3_IRQHandler
                0x080006a0                TIM4_IRQHandler
                0x080006a0                DMA2_Channel1_IRQHandler
                0x080006a0                I2C1_EV_IRQHandler
                0x080006a0                DMA1_Channel6_IRQHandler
                0x080006a0                UART4_IRQHandler
                0x080006a0                DMA2_Channel4_IRQHandler
                0x080006a0                TIM3_IRQHandler
                0x080006a0                RCC_IRQHandler
                0x080006a0                DMA1_Channel1_IRQHandler
                0x080006a0                Default_Handler
                0x080006a0                USBWakeUp_RMP_IRQHandler
                0x080006a0                EXTI15_10_IRQHandler
                0x080006a0                TIM7_IRQHandler
                0x080006a0                EXTI9_5_IRQHandler
                0x080006a0                TAMPER_STAMP_IRQHandler
                0x080006a0                RTC_WKUP_IRQHandler
                0x080006a0                SPI2_IRQHandler
                0x080006a0                DMA2_Channel5_IRQHandler
                0x080006a0                DMA1_Channel5_IRQHandler
                0x080006a0                USB_LP_IRQHandler
                0x080006a0                EXTI4_IRQHandler
                0x080006a0                USB_LP_CAN1_RX0_IRQHandler
                0x080006a0                TIM1_TRG_COM_TIM17_IRQHandler
                0x080006a0                USB_HP_CAN1_TX_IRQHandler
                0x080006a0                DMA1_Channel3_IRQHandler
                0x080006a0                ADC4_IRQHandler
                0x080006a0                WWDG_IRQHandler
                0x080006a0                TIM2_IRQHandler
                0x080006a0                COMP7_IRQHandler
                0x080006a0                COMP1_2_3_IRQHandler
                0x080006a0                EXTI1_IRQHandler
                0x080006a0                USART2_IRQHandler
                0x080006a0                COMP4_5_6_IRQHandler
                0x080006a0                I2C2_ER_IRQHandler
                0x080006a0                DMA1_Channel2_IRQHandler
                0x080006a0                TIM8_BRK_IRQHandler
                0x080006a0                CAN1_SCE_IRQHandler
                0x080006a0                FLASH_IRQHandler
                0x080006a0                USART1_IRQHandler
                0x080006a0                SPI3_IRQHandler
                0x080006a0                I2C1_ER_IRQHandler
                0x080006a0                USBWakeUp_IRQHandler
                0x080006a0                DMA2_Channel3_IRQHandler
                0x080006a0                TIM1_BRK_TIM15_IRQHandler
 *fill*         0x080006a2        0x2 
 .text.__libc_init_array
                0x080006a4       0x50 c:/program files (x86)/eclipse/plugins/fr.ac6.mcu.externaltools.arm-none.win32_1.3.0.201507241045/tools/compiler/bin/../lib/gcc/arm-none-eabi/4.9.3/../../../../arm-none-eabi/lib/armv7e-m\libc.a(lib_a-init.o)
                0x080006a4                __libc_init_array
 .text.startup.register_fini
                0x080006f4       0x14 c:/program files (x86)/eclipse/plugins/fr.ac6.mcu.externaltools.arm-none.win32_1.3.0.201507241045/tools/compiler/bin/../lib/gcc/arm-none-eabi/4.9.3/../../../../arm-none-eabi/lib/armv7e-m\libc.a(lib_a-__call_atexit.o)
 .text.atexit   0x08000708        0xc c:/program files (x86)/eclipse/plugins/fr.ac6.mcu.externaltools.arm-none.win32_1.3.0.201507241045/tools/compiler/bin/../lib/gcc/arm-none-eabi/4.9.3/../../../../arm-none-eabi/lib/armv7e-m\libc.a(lib_a-atexit.o)
                0x08000708                atexit
 .text.__libc_fini_array
                0x08000714       0x2c c:/program files (x86)/eclipse/plugins/fr.ac6.mcu.externaltools.arm-none.win32_1.3.0.201507241045/tools/compiler/bin/../lib/gcc/arm-none-eabi/4.9.3/../../../../arm-none-eabi/lib/armv7e-m\libc.a(lib_a-fini.o)
                0x08000714                __libc_fini_array
 .text.__register_exitproc
                0x08000740       0xa4 c:/program files (x86)/eclipse/plugins/fr.ac6.mcu.externaltools.arm-none.win32_1.3.0.201507241045/tools/compiler/bin/../lib/gcc/arm-none-eabi/4.9.3/../../../../arm-none-eabi/lib/armv7e-m\libc.a(lib_a-__atexit.o)
                0x08000740                __register_exitproc
 *(.glue_7)
 .glue_7        0x00000000        0x0 linker stubs
 *(.glue_7t)
 .glue_7t       0x00000000        0x0 linker stubs
 *(.eh_frame)
 .eh_frame      0x080007e4        0x0 c:/program files (x86)/eclipse/plugins/fr.ac6.mcu.externaltools.arm-none.win32_1.3.0.201507241045/tools/compiler/bin/../lib/gcc/arm-none-eabi/4.9.3/armv7e-m/crtbegin.o
 *(.init)
 .init          0x080007e4        0x4 c:/program files (x86)/eclipse/plugins/fr.ac6.mcu.externaltools.arm-none.win32_1.3.0.201507241045/tools/compiler/bin/../lib/gcc/arm-none-eabi/4.9.3/armv7e-m/crti.o
                0x080007e4                _init
 .init          0x080007e8        0x8 c:/program files (x86)/eclipse/plugins/fr.ac6.mcu.externaltools.arm-none.win32_1.3.0.201507241045/tools/compiler/bin/../lib/gcc/arm-none-eabi/4.9.3/armv7e-m/crtn.o
 *(.fini)
 .fini          0x080007f0        0x4 c:/program files (x86)/eclipse/plugins/fr.ac6.mcu.externaltools.arm-none.win32_1.3.0.201507241045/tools/compiler/bin/../lib/gcc/arm-none-eabi/4.9.3/armv7e-m/crti.o
                0x080007f0                _fini
 .fini          0x080007f4        0x8 c:/program files (x86)/eclipse/plugins/fr.ac6.mcu.externaltools.arm-none.win32_1.3.0.201507241045/tools/compiler/bin/../lib/gcc/arm-none-eabi/4.9.3/armv7e-m/crtn.o
                0x080007fc                . = ALIGN (0x4)
                0x080007fc                _etext = .

.vfp11_veneer   0x080007fc        0x0
 .vfp11_veneer  0x00000000        0x0 linker stubs

.v4_bx          0x080007fc        0x0
 .v4_bx         0x00000000        0x0 linker stubs

.iplt           0x080007fc        0x0
 .iplt          0x00000000        0x0 c:/program files (x86)/eclipse/plugins/fr.ac6.mcu.externaltools.arm-none.win32_1.3.0.201507241045/tools/compiler/bin/../lib/gcc/arm-none-eabi/4.9.3/armv7e-m/crtbegin.o

.rodata         0x080007fc        0x8
                0x080007fc                . = ALIGN (0x4)
 *(.rodata)
 *(.rodata*)
 .rodata.str1.4
                0x080007fc        0x4 c:/program files (x86)/eclipse/plugins/fr.ac6.mcu.externaltools.arm-none.win32_1.3.0.201507241045/tools/compiler/bin/../lib/gcc/arm-none-eabi/4.9.3/../../../../arm-none-eabi/lib/armv7e-m\libc.a(lib_a-impure.o)
 .rodata._global_impure_ptr
                0x08000800        0x4 c:/program files (x86)/eclipse/plugins/fr.ac6.mcu.externaltools.arm-none.win32_1.3.0.201507241045/tools/compiler/bin/../lib/gcc/arm-none-eabi/4.9.3/../../../../arm-none-eabi/lib/armv7e-m\libc.a(lib_a-impure.o)
                0x08000800                _global_impure_ptr
                0x08000804                . = ALIGN (0x4)

.rel.dyn        0x08000804        0x0
 .rel.iplt      0x00000000        0x0 c:/program files (x86)/eclipse/plugins/fr.ac6.mcu.externaltools.arm-none.win32_1.3.0.201507241045/tools/compiler/bin/../lib/gcc/arm-none-eabi/4.9.3/armv7e-m/crtbegin.o

.ARM.extab
 *(.ARM.extab* .gnu.linkonce.armextab.*)

.ARM            0x08000804        0x0
                0x08000804                __exidx_start = .
 *(.ARM.exidx*)
                0x08000804                __exidx_end = .

.preinit_array  0x08000804        0x0
                0x08000804                PROVIDE (__preinit_array_start, .)
 *(.preinit_array*)
                0x08000804                PROVIDE (__preinit_array_end, .)

.init_array     0x08000804        0x8
                0x08000804                PROVIDE (__init_array_start, .)
 *(SORT(.init_array.*))
 .init_array.00000
                0x08000804        0x4 c:/program files (x86)/eclipse/plugins/fr.ac6.mcu.externaltools.arm-none.win32_1.3.0.201507241045/tools/compiler/bin/../lib/gcc/arm-none-eabi/4.9.3/../../../../arm-none-eabi/lib/armv7e-m\libc.a(lib_a-__call_atexit.o)
 *(.init_array*)
 .init_array    0x08000808        0x4 c:/program files (x86)/eclipse/plugins/fr.ac6.mcu.externaltools.arm-none.win32_1.3.0.201507241045/tools/compiler/bin/../lib/gcc/arm-none-eabi/4.9.3/armv7e-m/crtbegin.o
                0x0800080c                PROVIDE (__init_array_end, .)

.fini_array     0x0800080c        0x4
                0x0800080c                PROVIDE (__fini_array_start, .)
 *(SORT(.fini_array.*))
 *(.fini_array*)
 .fini_array    0x0800080c        0x4 c:/program files (x86)/eclipse/plugins/fr.ac6.mcu.externaltools.arm-none.win32_1.3.0.201507241045/tools/compiler/bin/../lib/gcc/arm-none-eabi/4.9.3/armv7e-m/crtbegin.o
                0x08000810                PROVIDE (__fini_array_end, .)
                0x08000810                _sidata = LOADADDR (.data)

.data           0x20000000      0x428 load address 0x08000810
                0x20000000                . = ALIGN (0x4)
                0x20000000                _sdata = .
 *(.data)
 *(.data*)
 .data.impure_data
                0x20000000      0x428 c:/program files (x86)/eclipse/plugins/fr.ac6.mcu.externaltools.arm-none.win32_1.3.0.201507241045/tools/compiler/bin/../lib/gcc/arm-none-eabi/4.9.3/../../../../arm-none-eabi/lib/armv7e-m\libc.a(lib_a-impure.o)
                0x20000428                . = ALIGN (0x4)
                0x20000428                _edata = .
                0x08000c38                _siccmram = LOADADDR (.ccmram)

.jcr            0x20000428        0x0 load address 0x08000c38
 .jcr           0x20000428        0x0 c:/program files (x86)/eclipse/plugins/fr.ac6.mcu.externaltools.arm-none.win32_1.3.0.201507241045/tools/compiler/bin/../lib/gcc/arm-none-eabi/4.9.3/armv7e-m/crtbegin.o

.igot.plt       0x20000428        0x0 load address 0x08000c38
 .igot.plt      0x00000000        0x0 c:/program files (x86)/eclipse/plugins/fr.ac6.mcu.externaltools.arm-none.win32_1.3.0.201507241045/tools/compiler/bin/../lib/gcc/arm-none-eabi/4.9.3/armv7e-m/crtbegin.o

.ccmram         0x10000000        0x0 load address 0x08000c38
                0x10000000                . = ALIGN (0x4)
                0x10000000                _sccmram = .
 *(.ccmram)
 *(.ccmram*)
                0x10000000                . = ALIGN (0x4)
                0x10000000                _eccmram = .
                0x10000000                . = ALIGN (0x4)

.bss            0x20000428       0x20
                0x20000428                _sbss = .
                0x20000428                __bss_start__ = _sbss
 *(.bss)
 .bss           0x20000428       0x1c c:/program files (x86)/eclipse/plugins/fr.ac6.mcu.externaltools.arm-none.win32_1.3.0.201507241045/tools/compiler/bin/../lib/gcc/arm-none-eabi/4.9.3/armv7e-m/crtbegin.o
 .bss           0x20000444        0x4 src/main.o
 *(.bss*)
 *(COMMON)
                0x20000448                . = ALIGN (0x4)
                0x20000448                _ebss = .
                0x20000448                __bss_end__ = _ebss

._user_heap_stack
                0x20000448      0x600
                0x20000448                . = ALIGN (0x8)
                0x20000448                PROVIDE (end, .)
                0x20000448                PROVIDE (_end, .)
                0x20000648                . = (. + _Min_Heap_Size)
 *fill*         0x20000448      0x200 
                0x20000a48                . = (. + _Min_Stack_Size)
 *fill*         0x20000648      0x400 
                0x20000a48                . = ALIGN (0x8)

/DISCARD/
 libc.a(*)
 libm.a(*)
 libgcc.a(*)

.ARM.attributes
                0x00000000       0x2a
 *(.ARM.attributes)
 .ARM.attributes
                0x00000000       0x1e c:/program files (x86)/eclipse/plugins/fr.ac6.mcu.externaltools.arm-none.win32_1.3.0.201507241045/tools/compiler/bin/../lib/gcc/arm-none-eabi/4.9.3/armv7e-m/crti.o
 .ARM.attributes
                0x0000001e       0x2e c:/program files (x86)/eclipse/plugins/fr.ac6.mcu.externaltools.arm-none.win32_1.3.0.201507241045/tools/compiler/bin/../lib/gcc/arm-none-eabi/4.9.3/armv7e-m/crtbegin.o
 .ARM.attributes
                0x0000004c       0x33 src/main.o
 .ARM.attributes
                0x0000007f       0x33 src/stm32f30x_it.o
 .ARM.attributes
                0x000000b2       0x33 src/system_stm32f30x.o
 .ARM.attributes
                0x000000e5       0x21 startup/startup_stm32f30x.o
 .ARM.attributes
                0x00000106       0x2e c:/program files (x86)/eclipse/plugins/fr.ac6.mcu.externaltools.arm-none.win32_1.3.0.201507241045/tools/compiler/bin/../lib/gcc/arm-none-eabi/4.9.3/../../../../arm-none-eabi/lib/armv7e-m\libc.a(lib_a-impure.o)
 .ARM.attributes
                0x00000134       0x2e c:/program files (x86)/eclipse/plugins/fr.ac6.mcu.externaltools.arm-none.win32_1.3.0.201507241045/tools/compiler/bin/../lib/gcc/arm-none-eabi/4.9.3/../../../../arm-none-eabi/lib/armv7e-m\libc.a(lib_a-init.o)
 .ARM.attributes
                0x00000162       0x2e c:/program files (x86)/eclipse/plugins/fr.ac6.mcu.externaltools.arm-none.win32_1.3.0.201507241045/tools/compiler/bin/../lib/gcc/arm-none-eabi/4.9.3/../../../../arm-none-eabi/lib/armv7e-m\libc.a(lib_a-__call_atexit.o)
 .ARM.attributes
                0x00000190       0x2e c:/program files (x86)/eclipse/plugins/fr.ac6.mcu.externaltools.arm-none.win32_1.3.0.201507241045/tools/compiler/bin/../lib/gcc/arm-none-eabi/4.9.3/../../../../arm-none-eabi/lib/armv7e-m\libc.a(lib_a-atexit.o)
 .ARM.attributes
                0x000001be       0x2e c:/program files (x86)/eclipse/plugins/fr.ac6.mcu.externaltools.arm-none.win32_1.3.0.201507241045/tools/compiler/bin/../lib/gcc/arm-none-eabi/4.9.3/../../../../arm-none-eabi/lib/armv7e-m\libc.a(lib_a-fini.o)
 .ARM.attributes
                0x000001ec       0x2e c:/program files (x86)/eclipse/plugins/fr.ac6.mcu.externaltools.arm-none.win32_1.3.0.201507241045/tools/compiler/bin/../lib/gcc/arm-none-eabi/4.9.3/../../../../arm-none-eabi/lib/armv7e-m\libc.a(lib_a-__atexit.o)
 .ARM.attributes
                0x0000021a       0x1e c:/program files (x86)/eclipse/plugins/fr.ac6.mcu.externaltools.arm-none.win32_1.3.0.201507241045/tools/compiler/bin/../lib/gcc/arm-none-eabi/4.9.3/armv7e-m/crtn.o
OUTPUT(LasertagPacketSensor.elf elf32-littlearm)

.debug_info     0x00000000      0x8ab
 .debug_info    0x00000000      0x25f src/main.o
 .debug_info    0x0000025f      0x137 src/stm32f30x_it.o
 .debug_info    0x00000396      0x4a0 src/system_stm32f30x.o
 .debug_info    0x00000836       0x75 startup/startup_stm32f30x.o

.debug_abbrev   0x00000000      0x2f1
 .debug_abbrev  0x00000000      0x113 src/main.o
 .debug_abbrev  0x00000113       0x82 src/stm32f30x_it.o
 .debug_abbrev  0x00000195      0x14a src/system_stm32f30x.o
 .debug_abbrev  0x000002df       0x12 startup/startup_stm32f30x.o

.debug_aranges  0x00000000       0xe8
 .debug_aranges
                0x00000000       0x30 src/main.o
 .debug_aranges
                0x00000030       0x60 src/stm32f30x_it.o
 .debug_aranges
                0x00000090       0x30 src/system_stm32f30x.o
 .debug_aranges
                0x000000c0       0x28 startup/startup_stm32f30x.o

.debug_ranges   0x00000000       0xb0
 .debug_ranges  0x00000000       0x20 src/main.o
 .debug_ranges  0x00000020       0x50 src/stm32f30x_it.o
 .debug_ranges  0x00000070       0x20 src/system_stm32f30x.o
 .debug_ranges  0x00000090       0x20 startup/startup_stm32f30x.o

.debug_macro    0x00000000     0xcd38
 .debug_macro   0x00000000      0x196 src/main.o
 .debug_macro   0x00000196      0x892 src/main.o
 .debug_macro   0x00000a28       0x7a src/main.o
 .debug_macro   0x00000aa2       0x3b src/main.o
 .debug_macro   0x00000add       0x22 src/main.o
 .debug_macro   0x00000aff       0x44 src/main.o
 .debug_macro   0x00000b43       0x1c src/main.o
 .debug_macro   0x00000b5f      0x1f7 src/main.o
 .debug_macro   0x00000d56       0x18 src/main.o
 .debug_macro   0x00000d6e       0x42 src/main.o
 .debug_macro   0x00000db0      0xc91 src/main.o
 .debug_macro   0x00001a41     0x769b src/main.o
 .debug_macro   0x000090dc      0x521 src/main.o
 .debug_macro   0x000095fd      0x3cf src/main.o
 .debug_macro   0x000099cc       0x46 src/main.o
 .debug_macro   0x00009a12      0x231 src/main.o
 .debug_macro   0x00009c43      0x196 src/main.o
 .debug_macro   0x00009dd9       0x8e src/main.o
 .debug_macro   0x00009e67      0x3a8 src/main.o
 .debug_macro   0x0000a20f      0x114 src/main.o
 .debug_macro   0x0000a323      0x1e4 src/main.o
 .debug_macro   0x0000a507      0x1a1 src/main.o
 .debug_macro   0x0000a6a8      0x1df src/main.o
 .debug_macro   0x0000a887      0x29a src/main.o
 .debug_macro   0x0000ab21       0x70 src/main.o
 .debug_macro   0x0000ab91      0x10c src/main.o
 .debug_macro   0x0000ac9d       0xb8 src/main.o
 .debug_macro   0x0000ad55      0x5c6 src/main.o
 .debug_macro   0x0000b31b      0x551 src/main.o
 .debug_macro   0x0000b86c      0x3ab src/main.o
 .debug_macro   0x0000bc17      0x8d8 src/main.o
 .debug_macro   0x0000c4ef      0x364 src/main.o
 .debug_macro   0x0000c853       0x34 src/main.o
 .debug_macro   0x0000c887       0x89 src/main.o
 .debug_macro   0x0000c910       0x35 src/main.o
 .debug_macro   0x0000c945       0xd8 src/main.o
 .debug_macro   0x0000ca1d      0x196 src/stm32f30x_it.o
 .debug_macro   0x0000cbb3      0x185 src/system_stm32f30x.o

.debug_line     0x00000000     0x1510
 .debug_line    0x00000000      0x719 src/main.o
 .debug_line    0x00000719      0x705 src/stm32f30x_it.o
 .debug_line    0x00000e1e      0x677 src/system_stm32f30x.o
 .debug_line    0x00001495       0x7b startup/startup_stm32f30x.o

.debug_str      0x00000000    0x535cb
 .debug_str     0x00000000    0x5336c src/main.o
                              0x534c8 (size before relaxing)
 .debug_str     0x0005336c       0xa6 src/stm32f30x_it.o
                              0x533af (size before relaxing)
 .debug_str     0x00053412      0x1b9 src/system_stm32f30x.o
                              0x53147 (size before relaxing)

.comment        0x00000000       0x70
 .comment       0x00000000       0x70 src/main.o
                                 0x71 (size before relaxing)
 .comment       0x00000000       0x71 src/stm32f30x_it.o
 .comment       0x00000000       0x71 src/system_stm32f30x.o

.debug_frame    0x00000000      0x300
 .debug_frame   0x00000000       0x74 src/main.o
 .debug_frame   0x00000074      0x10c src/stm32f30x_it.o
 .debug_frame   0x00000180       0x7c src/system_stm32f30x.o
 .debug_frame   0x000001fc       0x2c c:/program files (x86)/eclipse/plugins/fr.ac6.mcu.externaltools.arm-none.win32_1.3.0.201507241045/tools/compiler/bin/../lib/gcc/arm-none-eabi/4.9.3/../../../../arm-none-eabi/lib/armv7e-m\libc.a(lib_a-init.o)
 .debug_frame   0x00000228       0x50 c:/program files (x86)/eclipse/plugins/fr.ac6.mcu.externaltools.arm-none.win32_1.3.0.201507241045/tools/compiler/bin/../lib/gcc/arm-none-eabi/4.9.3/../../../../arm-none-eabi/lib/armv7e-m\libc.a(lib_a-__call_atexit.o)
 .debug_frame   0x00000278       0x20 c:/program files (x86)/eclipse/plugins/fr.ac6.mcu.externaltools.arm-none.win32_1.3.0.201507241045/tools/compiler/bin/../lib/gcc/arm-none-eabi/4.9.3/../../../../arm-none-eabi/lib/armv7e-m\libc.a(lib_a-atexit.o)
 .debug_frame   0x00000298       0x34 c:/program files (x86)/eclipse/plugins/fr.ac6.mcu.externaltools.arm-none.win32_1.3.0.201507241045/tools/compiler/bin/../lib/gcc/arm-none-eabi/4.9.3/../../../../arm-none-eabi/lib/armv7e-m\libc.a(lib_a-fini.o)
 .debug_frame   0x000002cc       0x34 c:/program files (x86)/eclipse/plugins/fr.ac6.mcu.externaltools.arm-none.win32_1.3.0.201507241045/tools/compiler/bin/../lib/gcc/arm-none-eabi/4.9.3/../../../../arm-none-eabi/lib/armv7e-m\libc.a(lib_a-__atexit.o)
